[backblue.gif]
[fade.gif]
[index.html]
[inuyasha.yoll.net/index.html]
[inuyasha.yoll.net/scripts/ep166.htm]
[inuyasha.yoll.net/scripts.htm]
[inuyasha.yoll.net/guide.htm]
[inuyasha.yoll.net/about.htm]
[inuyasha.yoll.net/articles.htm]
[inuyasha.yoll.net/characters.htm]
[inuyasha.yoll.net/goodies.htm]
[inuyasha.yoll.net/100/index.htm]
[inuyasha.yoll.net/extras.htm]
[inuyasha.yoll.net/links.htm]
[inuyasha.yoll.net/updates.htm]
[inuyasha.yoll.net/contact.htm]
[inuyasha.yoll.net/scripts/ep165.htm]
[inuyasha.yoll.net/index-2.html]
[inuyasha.yoll.net/scripts/ep01.htm]
[inuyasha.yoll.net/scripts/ep02.htm]
[inuyasha.yoll.net/scripts/ep03.htm]
[inuyasha.yoll.net/scripts/ep04.htm]
[inuyasha.yoll.net/scripts/ep05.htm]
[inuyasha.yoll.net/scripts/ep06.htm]
[inuyasha.yoll.net/scripts/ep07.htm]
[inuyasha.yoll.net/scripts/ep08.htm]
[inuyasha.yoll.net/scripts/ep09.htm]
[inuyasha.yoll.net/scripts/ep10.htm]
[inuyasha.yoll.net/scripts/ep11.htm]
[inuyasha.yoll.net/scripts/ep12.htm]
[inuyasha.yoll.net/scripts/ep13.htm]
[inuyasha.yoll.net/scripts/ep14.htm]
[inuyasha.yoll.net/scripts/ep15.htm]
[inuyasha.yoll.net/scripts/ep16.htm]
[inuyasha.yoll.net/scripts/ep17.htm]
[inuyasha.yoll.net/scripts/ep18.htm]
[inuyasha.yoll.net/scripts/ep19.htm]
[inuyasha.yoll.net/scripts/ep20.htm]
[inuyasha.yoll.net/scripts/ep21.htm]
[inuyasha.yoll.net/scripts/ep22.htm]
[inuyasha.yoll.net/scripts/ep23.htm]
[inuyasha.yoll.net/scripts/ep24.htm]
[inuyasha.yoll.net/scripts/ep25.htm]
[inuyasha.yoll.net/scripts/ep26.htm]
[inuyasha.yoll.net/scripts/ep27.htm]
[inuyasha.yoll.net/scripts/ep28.htm]
[inuyasha.yoll.net/scripts/ep29.htm]
[inuyasha.yoll.net/scripts/ep30.htm]
[inuyasha.yoll.net/scripts/ep31.htm]
[inuyasha.yoll.net/scripts/ep32.htm]
[inuyasha.yoll.net/scripts/ep33.htm]
[inuyasha.yoll.net/scripts/ep34.htm]
[inuyasha.yoll.net/scripts/ep35.htm]
[inuyasha.yoll.net/scripts/ep36.htm]
[inuyasha.yoll.net/scripts/ep37.htm]
[inuyasha.yoll.net/scripts/ep38.htm]
[inuyasha.yoll.net/scripts/ep39.htm]
[inuyasha.yoll.net/scripts/ep40.htm]
[inuyasha.yoll.net/scripts/ep41.htm]
[inuyasha.yoll.net/scripts/ep42.htm]
[inuyasha.yoll.net/scripts/ep43.htm]
[inuyasha.yoll.net/scripts/ep44.htm]
[inuyasha.yoll.net/scripts/ep45.htm]
[inuyasha.yoll.net/scripts/ep46.htm]
[inuyasha.yoll.net/scripts/ep47.htm]
[inuyasha.yoll.net/scripts/ep48.htm]
[inuyasha.yoll.net/scripts/ep49.htm]
[inuyasha.yoll.net/scripts/ep50.htm]
[inuyasha.yoll.net/scripts/ep51.htm]
[inuyasha.yoll.net/scripts/ep52.htm]
[inuyasha.yoll.net/scripts/ep53.htm]
[inuyasha.yoll.net/scripts/ep54.htm]
[inuyasha.yoll.net/scripts/ep55.htm]
[inuyasha.yoll.net/scripts/ep56.htm]
[inuyasha.yoll.net/scripts/ep57.htm]
[inuyasha.yoll.net/scripts/ep58.htm]
[inuyasha.yoll.net/scripts/ep59.htm]
[inuyasha.yoll.net/scripts/ep60.htm]
[inuyasha.yoll.net/scripts/ep61.htm]
[inuyasha.yoll.net/scripts/ep62.htm]
[inuyasha.yoll.net/scripts/ep63.htm]
[inuyasha.yoll.net/scripts/ep64.htm]
[inuyasha.yoll.net/scripts/ep65.htm]
[inuyasha.yoll.net/scripts/ep66.htm]
[inuyasha.yoll.net/scripts/ep67.htm]
[inuyasha.yoll.net/scripts/ep68.htm]
[inuyasha.yoll.net/scripts/ep69.htm]
[inuyasha.yoll.net/scripts/ep70.htm]
[inuyasha.yoll.net/scripts/ep71.htm]
[inuyasha.yoll.net/scripts/ep72.htm]
[inuyasha.yoll.net/scripts/ep73.htm]
[inuyasha.yoll.net/scripts/ep74.htm]
[inuyasha.yoll.net/scripts/ep75.htm]
[inuyasha.yoll.net/scripts/ep76.htm]
[inuyasha.yoll.net/scripts/ep77.htm]
[inuyasha.yoll.net/scripts/ep78.htm]
[inuyasha.yoll.net/scripts/ep79.htm]
[inuyasha.yoll.net/scripts/ep80.htm]
[inuyasha.yoll.net/scripts/ep81.htm]
[inuyasha.yoll.net/scripts/ep82.htm]
[inuyasha.yoll.net/scripts/ep83.htm]
[inuyasha.yoll.net/scripts/ep84.htm]
[inuyasha.yoll.net/scripts/ep85.htm]
[inuyasha.yoll.net/scripts/ep86.htm]
[inuyasha.yoll.net/scripts/ep87.htm]
[inuyasha.yoll.net/scripts/ep88.htm]
[inuyasha.yoll.net/scripts/ep89.htm]
[inuyasha.yoll.net/scripts/ep90.htm]
[inuyasha.yoll.net/scripts/ep91.htm]
[inuyasha.yoll.net/scripts/ep92.htm]
[inuyasha.yoll.net/scripts/ep93.htm]
[inuyasha.yoll.net/scripts/ep94.htm]
[inuyasha.yoll.net/scripts/ep95.htm]
[inuyasha.yoll.net/scripts/ep96.htm]
[inuyasha.yoll.net/scripts/ep97.htm]
[inuyasha.yoll.net/scripts/ep98.htm]
[inuyasha.yoll.net/scripts/ep99.htm]
[inuyasha.yoll.net/scripts/ep100.htm]
[inuyasha.yoll.net/scripts/ep101.htm]
[inuyasha.yoll.net/scripts/ep102.htm]
[inuyasha.yoll.net/scripts/ep103.htm]
[inuyasha.yoll.net/scripts/ep104.htm]
[inuyasha.yoll.net/scripts/ep105.htm]
[inuyasha.yoll.net/scripts/ep106.htm]
[inuyasha.yoll.net/scripts/ep107.htm]
[inuyasha.yoll.net/scripts/ep108.htm]
[inuyasha.yoll.net/scripts/ep109.htm]
[inuyasha.yoll.net/scripts/ep110.htm]
[inuyasha.yoll.net/scripts/ep111.htm]
[inuyasha.yoll.net/scripts/ep112.htm]
[inuyasha.yoll.net/scripts/ep113.htm]
[inuyasha.yoll.net/scripts/ep114.htm]
[inuyasha.yoll.net/scripts/ep115.htm]
[inuyasha.yoll.net/scripts/ep116.htm]
[inuyasha.yoll.net/scripts/ep117.htm]
[inuyasha.yoll.net/scripts/ep118.htm]
[inuyasha.yoll.net/scripts/ep119.htm]
[inuyasha.yoll.net/scripts/ep120.htm]
[inuyasha.yoll.net/scripts/ep121.htm]
[inuyasha.yoll.net/scripts/ep122.htm]
[inuyasha.yoll.net/scripts/ep123.htm]
[inuyasha.yoll.net/scripts/ep124.htm]
[inuyasha.yoll.net/scripts/ep125.htm]
[inuyasha.yoll.net/scripts/ep126.htm]
[inuyasha.yoll.net/scripts/ep127.htm]
[inuyasha.yoll.net/scripts/ep128.htm]
[inuyasha.yoll.net/scripts/ep129.htm]
[inuyasha.yoll.net/scripts/ep130.htm]
[inuyasha.yoll.net/scripts/ep131.htm]
[inuyasha.yoll.net/scripts/ep132.htm]
[inuyasha.yoll.net/scripts/ep133.htm]
[inuyasha.yoll.net/scripts/ep135.htm]
[inuyasha.yoll.net/scripts/ep136.htm]
[inuyasha.yoll.net/scripts/ep137.htm]
[inuyasha.yoll.net/scripts/ep138.htm]
[inuyasha.yoll.net/scripts/ep139.htm]
[inuyasha.yoll.net/scripts/ep140.htm]
[inuyasha.yoll.net/scripts/ep141.htm]
[inuyasha.yoll.net/scripts/ep142.htm]
[inuyasha.yoll.net/scripts/ep143.htm]
[inuyasha.yoll.net/scripts/ep144.htm]
[inuyasha.yoll.net/scripts/ep145.htm]
[inuyasha.yoll.net/scripts/ep146.htm]
[inuyasha.yoll.net/scripts/ep147.htm]
[inuyasha.yoll.net/scripts/ep149.htm]
[inuyasha.yoll.net/scripts/ep150.htm]
[inuyasha.yoll.net/scripts/ep151.htm]
[inuyasha.yoll.net/scripts/ep152.htm]
[inuyasha.yoll.net/scripts/ep153.htm]
[inuyasha.yoll.net/scripts/ep154.htm]
[inuyasha.yoll.net/scripts/ep155.htm]
[inuyasha.yoll.net/scripts/ep156.htm]
[inuyasha.yoll.net/scripts/ep157.htm]
[inuyasha.yoll.net/scripts/ep158.htm]
[inuyasha.yoll.net/scripts/ep159.htm]
[inuyasha.yoll.net/scripts/ep160.htm]
[inuyasha.yoll.net/scripts/ep161.htm]
[inuyasha.yoll.net/scripts/ep162.htm]
[inuyasha.yoll.net/scripts/ep163.htm]
[inuyasha.yoll.net/scripts/ep164.htm]
[inuyasha.yoll.net/articles/sham.htm]
[inuyasha.yoll.net/articles/modern.htm]
[inuyasha.yoll.net/images/shichi/index.htm]
[inuyasha.yoll.net/shippo.htm]
[inuyasha.yoll.net/handsign.htm]
[inuyasha.yoll.net/song.htm]
[inuyasha.yoll.net/seiyuu.htm]
[inuyasha.yoll.net/underdogs.htm]
[inuyasha.yoll.net/produce.htm]
[inuyasha.yoll.net/local.htm]
[inuyasha.yoll.net/articles/awards.htm]
[inuyasha.yoll.net/articles/symptoms.htm]
[inuyasha.yoll.net/charactersad.htm]
[inuyasha.yoll.net/characterseh.htm]
[inuyasha.yoll.net/charactersil.htm]
[inuyasha.yoll.net/charactersmp.htm]
[inuyasha.yoll.net/charactersqt.htm]
[inuyasha.yoll.net/charactersuz.htm]
[inuyasha.yoll.net/bestiaryad.htm]
[inuyasha.yoll.net/bestiaryeh.htm]
[inuyasha.yoll.net/bestiaryil.htm]
[inuyasha.yoll.net/bestiarymp.htm]
[inuyasha.yoll.net/bestiaryqt.htm]
[inuyasha.yoll.net/bestiaryuz.htm]
[inuyasha.yoll.net/100/about.htm]
[inuyasha.yoll.net/100/join.htm]
[inuyasha.yoll.net/100/rules.htm]
[inuyasha.yoll.net/100/codes.htm]
[inuyasha.yoll.net/100/members.htm]
[inuyasha.yoll.net/100/extras.htm]
[inuyasha.yoll.net/glossary.htm]
[inuyasha.yoll.net/scripts/ep22.html]
[inuyasha.yoll.net/contact.html]
[inuyasha.yoll.net/scripts/ep26.html]
[inuyasha.yoll.net/scripts/ep68.html]
[inuyasha.yoll.net/scripts/ep41.html]
[inuyasha.yoll.net/images/shichi/index1.htm]
[inuyasha.yoll.net/index.htm]
[inuyasha.yoll.net/100/sango.htm]
[inuyasha.yoll.net/100/miroku.htm]
[inuyasha.yoll.net/100/shippo.htm]
[inuyasha.yoll.net/100/kagome.htm]
[inuyasha.yoll.net/100/inu.htm]
[inuyasha.yoll.net/100/extrascap.htm]
[inuyasha.yoll.net/100/extrascard.htm]
[inuyasha.yoll.net/images/shichi/bks.htm]
[inuyasha.yoll.net/images/shichi/gks.htm]
[inuyasha.yoll.net/images/shichi/jks.htm]
[inuyasha.yoll.net/images/shichi/kks.htm]
[inuyasha.yoll.net/images/shichi/mks.htm]
[inuyasha.yoll.net/images/shichi/rks.htm]
[inuyasha.yoll.net/images/shichi/shin.htm]
[inuyasha.yoll.net/images/shichi/sks.htm]
[inuyasha.yoll.net/images/shichi/bks/jewel.htm]
[inuyasha.yoll.net/images/shichi/bks/weapon.htm]
[inuyasha.yoll.net/images/shichi/bks/moments.htm]
[inuyasha.yoll.net/images/shichi/bks/fights.htm]
[inuyasha.yoll.net/images/shichi/bks/card.htm]
[inuyasha.yoll.net/images/shichi/gks/jewel.htm]
[inuyasha.yoll.net/images/shichi/gks/weapon.htm]
[inuyasha.yoll.net/images/shichi/gks/moments.htm]
[inuyasha.yoll.net/images/shichi/gks/fights.htm]
[inuyasha.yoll.net/images/shichi/gks/card.htm]
[inuyasha.yoll.net/images/shichi/jks/jewel.htm]
[inuyasha.yoll.net/images/shichi/jks/weapon.htm]
[inuyasha.yoll.net/images/shichi/jks/moments.htm]
[inuyasha.yoll.net/images/shichi/jks/fights.htm]
[inuyasha.yoll.net/images/shichi/jks/card.htm]
[inuyasha.yoll.net/images/shichi/kks/jewel.htm]
[inuyasha.yoll.net/images/shichi/kks/weapon.htm]
[inuyasha.yoll.net/images/shichi/kks/moments.htm]
[inuyasha.yoll.net/images/shichi/kks/fights.htm]
[inuyasha.yoll.net/images/shichi/kks/card.htm]
[inuyasha.yoll.net/images/shichi/mks/jewel.htm]
[inuyasha.yoll.net/images/shichi/mks/weapon.htm]
[inuyasha.yoll.net/images/shichi/mks/moments.htm]
[inuyasha.yoll.net/images/shichi/mks/fights.htm]
[inuyasha.yoll.net/images/shichi/mks/card.htm]
[inuyasha.yoll.net/images/shichi/rks/jewel.htm]
[inuyasha.yoll.net/images/shichi/rks/weapon.htm]
[inuyasha.yoll.net/images/shichi/rks/moments.htm]
[inuyasha.yoll.net/images/shichi/rks/fights.htm]
[inuyasha.yoll.net/images/shichi/rks/card.htm]
[inuyasha.yoll.net/images/shichi/sks/jewel.htm]
[inuyasha.yoll.net/images/shichi/sks/weapon.htm]
[inuyasha.yoll.net/images/shichi/sks/moments.htm]
[inuyasha.yoll.net/images/shichi/sks/fights.htm]
[inuyasha.yoll.net/images/shichi/sks/card.htm]
[209.25.221.101/free-web-hosting-images/free-website-hosting-1.gif]
[inuyasha.yoll.net/inu.css]
[209.25.221.101/tooltip.js]
[209.25.221.101/free-web-hosting-styles.css]
[209.25.221.101/free-web-hosting-images/free-website-hosting-2.gif]
[209.25.221.101/free-web-hosting-images/free-website-hosting-4.gif]
[209.25.221.101/free-web-hosting-images/free-website-hosting-5.gif]
[209.25.221.101/free-web-hosting-images/free-website-hosting-3.gif]
[inuyasha.yoll.net/images/links/temp.gif]
[inuyasha.yoll.net/images/links/osuwari.gif]
[inuyasha.yoll.net/images/tet.gif]
[inuyasha.yoll.net/images/header1.gif]
[inuyasha.yoll.net/images/scripts_f2.gif]
[inuyasha.yoll.net/images/extras_f2.gif]
[inuyasha.yoll.net/images/links_f2.gif]
[inuyasha.yoll.net/images/updates_f2.gif]
[inuyasha.yoll.net/images/contact_f2.gif]
[inuyasha.yoll.net/images/shad.gif]
[inuyasha.yoll.net/images/scripts.gif]
[inuyasha.yoll.net/images/bullet.gif]
[inuyasha.yoll.net/images/extras.gif]
[inuyasha.yoll.net/scripts/ep166.htm]
[inuyasha.yoll.net/images/links.gif]
[inuyasha.yoll.net/images/updates.gif]
[inuyasha.yoll.net/images/scleft.gif]
[inuyasha.yoll.net/images/contact.gif]
[inuyasha.yoll.net/images/quote/kag.gif]
[inuyasha.yoll.net/images/quote/inu.gif]
[inuyasha.yoll.net/images/quote/narh.gif]
[inuyasha.yoll.net/images/quote/shi.gif]
[inuyasha.yoll.net/100/index.htm]
[inuyasha.yoll.net/scripts/pics/166dont.jpg]
[inuyasha.yoll.net/scripts/pics/166tree.jpg]
[inuyasha.yoll.net/images/quote/rin.gif]
[inuyasha.yoll.net/images/quote/jak.gif]
[inuyasha.yoll.net/images/quote/kar.gif]
[inuyasha.yoll.net/images/quote/ses.gif]
[inuyasha.yoll.net/pphlogger.js]
[inuyasha.yoll.net/images/quote/mir.gif]
[inuyasha.yoll.net/mm_menu.js]
[inuyasha.yoll.net/images/quote/san.gif]
[inuyasha.yoll.net/images/quote/tot.gif]
[inuyasha.yoll.net/images/incre.gif]
[inuyasha.yoll.net/images/inubut2.gif]
[inuyasha.yoll.net/images/up.gif]
[inuyasha.yoll.net/images/quote/myo.gif]
[inuyasha.yoll.net/images/scright.gif]
[inuyasha.yoll.net/images/tsubo/09.jpg]
[inuyasha.yoll.net/extras.htm]
[inuyasha.yoll.net/scripts/pics/waterfall1o3.jpg]
[inuyasha.yoll.net/scripts/pics/fff091.jpg]
[inuyasha.yoll.net/scripts/pics/fff092.jpg]
[inuyasha.yoll.net/images/quote/mama.gif]
[inuyasha.yoll.net/images/draw_inudog.gif]
[inuyasha.yoll.net/images/quote/kagscream.gif]
[inuyasha.yoll.net/images/quote/hku.gif]
[inuyasha.yoll.net/scripts/pics/65dinner.jpg]
[inuyasha.yoll.net/scripts/pics/72fan1.jpg]
[inuyasha.yoll.net/images/quote/nar.gif]
[inuyasha.yoll.net/links.htm]
[inuyasha.yoll.net/images/quote/bks.gif]
[inuyasha.yoll.net/images/xtra/wallinu1s.jpg]
[inuyasha.yoll.net/images/xtra/wallinu1.jpg]
[inuyasha.yoll.net/images/xtra/wallinu2.jpg]
[inuyasha.yoll.net/images/xtra/wallinu2s.jpg]
[inuyasha.yoll.net/updates.htm]
[inuyasha.yoll.net/images/xtra/wallinu3s.jpg]
[inuyasha.yoll.net/contact.htm]
[inuyasha.yoll.net/images/xtra/mirsan78s.gif]
[inuyasha.yoll.net/images/xtra/wall1s.jpg]
[inuyasha.yoll.net/images/xtra/wall1.jpg]
[inuyasha.yoll.net/images/xtra/wallinu4.jpg]
[inuyasha.yoll.net/scripts/ep165.htm]
[inuyasha.yoll.net/images/xtra/mirsan78.jpg]
[inuyasha.yoll.net/images/xtra/wallinu4s.jpg]
[inuyasha.yoll.net/images/xtra/card20.jpg]
[inuyasha.yoll.net/index-2.html]
[inuyasha.yoll.net/images/xtra/card20s.jpg]
[inuyasha.yoll.net/images/xtra/card7.jpg]
[inuyasha.yoll.net/images/xtra/card7s.jpg]
[inuyasha.yoll.net/images/xtra/card1.jpg]
[inuyasha.yoll.net/images/xtra/card1s.jpg]
[inuyasha.yoll.net/images/xtra/card3.jpg]
[inuyasha.yoll.net/scripts/ep31.htm]
[inuyasha.yoll.net/images/xtra/card3s.jpg]
[inuyasha.yoll.net/images/xtra/card13.jpg]
[inuyasha.yoll.net/images/xtra/card13s.jpg]
[inuyasha.yoll.net/articles/sham.htm]
[inuyasha.yoll.net/images/xtra/card11.jpg]
[inuyasha.yoll.net/images/xtra/card12s.jpg]
[inuyasha.yoll.net/song.htm]
[inuyasha.yoll.net/images/xtra/card11s.jpg]
[inuyasha.yoll.net/images/xtra/card12.jpg]
[inuyasha.yoll.net/images/xtra/card14s.jpg]
[inuyasha.yoll.net/images/xtra/card14.jpg]
[inuyasha.yoll.net/images/xtra/mir2.jpg]
[inuyasha.yoll.net/local.htm]
[inuyasha.yoll.net/articles/awards.htm]
[inuyasha.yoll.net/images/xtra/mir2s.jpg]
[inuyasha.yoll.net/images/xtra/mir3.jpg]
[inuyasha.yoll.net/images/xtra/mir3s.jpg]
[inuyasha.yoll.net/images/xtra/card17.jpg]
[inuyasha.yoll.net/images/xtra/card17s.jpg]
[inuyasha.yoll.net/charactersad.htm]
[inuyasha.yoll.net/images/xtra/wallinu3.jpg]
[inuyasha.yoll.net/images/xtra/card18s.jpg]
[inuyasha.yoll.net/images/xtra/card18.jpg]
[inuyasha.yoll.net/images/xtra/ses1.jpg]
[inuyasha.yoll.net/images/xtra/ses1s.jpg]
[inuyasha.yoll.net/images/xtra/card24.jpg]
[inuyasha.yoll.net/images/xtra/card24s.jpg]
[inuyasha.yoll.net/images/xtra/san1s.jpg]
[inuyasha.yoll.net/images/xtra/san1.jpg]
[inuyasha.yoll.net/images/xtra/san2.jpg]
[inuyasha.yoll.net/images/xtra/san2s.jpg]
[inuyasha.yoll.net/images/xtra/mirsan1s.jpg]
[inuyasha.yoll.net/images/xtra/mirsan1.jpg]
[inuyasha.yoll.net/images/xtra/ses5.jpg]
[inuyasha.yoll.net/images/xtra/ses5s.jpg]
[inuyasha.yoll.net/images/xtra/ses3.jpg]
[inuyasha.yoll.net/images/xtra/ses3s.jpg]
[inuyasha.yoll.net/images/xtra/card19.jpg]
[inuyasha.yoll.net/images/xtra/card19s.jpg]
[inuyasha.yoll.net/images/xtra/mir1.jpg]
[inuyasha.yoll.net/images/xtra/mir1s.jpg]
[inuyasha.yoll.net/images/xtra/card2s.jpg]
[inuyasha.yoll.net/images/xtra/card2.jpg]
[inuyasha.yoll.net/images/xtra/card5.jpg]
[inuyasha.yoll.net/images/xtra/card5s.jpg]
[inuyasha.yoll.net/images/xtra/card6.jpg]
[inuyasha.yoll.net/images/xtra/card6s.gif]
[inuyasha.yoll.net/images/xtra/card10s.gif]
[inuyasha.yoll.net/images/xtra/card8.jpg]
[inuyasha.yoll.net/images/xtra/card10.jpg]
[inuyasha.yoll.net/images/xtra/card8s.jpg]
[inuyasha.yoll.net/images/xtra/card9.jpg]
[inuyasha.yoll.net/images/xtra/card16.jpg]
[inuyasha.yoll.net/images/xtra/card9s.jpg]
[inuyasha.yoll.net/images/xtra/shi1.jpg]
[inuyasha.yoll.net/images/xtra/shi1s.gif]
[inuyasha.yoll.net/images/xtra/inu1.jpg]
[inuyasha.yoll.net/images/xtra/inu1s.jpg]
[inuyasha.yoll.net/images/xtra/card16s.jpg]
[inuyasha.yoll.net/images/xtra/card21s.jpg]
[inuyasha.yoll.net/images/xtra/card21.jpg]
[inuyasha.yoll.net/images/xtra/card22s.gif]
[inuyasha.yoll.net/images/xtra/card22.jpg]
[inuyasha.yoll.net/images/xtra/kik1.jpg]
[inuyasha.yoll.net/images/xtra/kik1s.gif]
[inuyasha.yoll.net/images/xtra/inu2.jpg]
[inuyasha.yoll.net/images/xtra/inu2s.gif]
[inuyasha.yoll.net/images/xtra/hojos.jpg]
[inuyasha.yoll.net/images/xtra/hojo.jpg]
[inuyasha.yoll.net/images/xtra/card23s.jpg]
[inuyasha.yoll.net/images/xtra/card23.jpg]
[inuyasha.yoll.net/images/xtra/ses2.jpg]
[inuyasha.yoll.net/images/xtra/ses2s.jpg]
[inuyasha.yoll.net/images/xtra/ses4.jpg]
[inuyasha.yoll.net/images/xtra/ses4s.jpg]
[inuyasha.yoll.net/images/xtra/inu3.jpg]
[inuyasha.yoll.net/images/xtra/inu3s.gif]
[inuyasha.yoll.net/images/xtra/kag1s.jpg]
[inuyasha.yoll.net/images/xtra/kag1.jpg]
[inuyasha.yoll.net/images/xtra/kik2.jpg]
[inuyasha.yoll.net/images/xtra/kik2s.jpg]
[inuyasha.yoll.net/images/xtra/san4s.jpg]
[inuyasha.yoll.net/images/xtra/san4.jpg]
[inuyasha.yoll.net/images/quote/jako.gif]
[inuyasha.yoll.net/100/images/header.gif]
[inuyasha.yoll.net/100/grief.css]
[inuyasha.yoll.net/100/images/forest.jpg]
[inuyasha.yoll.net/100/images/dvide.gif]
[inuyasha.yoll.net/100/images/about.gif]
[inuyasha.yoll.net/100/images/header.gif]
[inuyasha.yoll.net/100/images/join.gif]
[inuyasha.yoll.net/100/images/rules.gif]
[inuyasha.yoll.net/100/images/codes.gif]
[inuyasha.yoll.net/100/images/members.gif]
[inuyasha.yoll.net/100/images/extras.gif]
[inuyasha.yoll.net/100/images/x.gif]
[inuyasha.yoll.net/100/about.htm]
[inuyasha.yoll.net/100/images/bkgrd.jpg]
[inuyasha.yoll.net/images/inuyoll50.gif]
[inuyasha.yoll.net/100/images/anime.gif]
[inuyasha.yoll.net/images/inubut.gif]
[inuyasha.yoll.net/images/links/links_puppy_files.jpg]
[inuyasha.yoll.net/images/links/links_ear_tweak.gif]
[inuyasha.yoll.net/100/join.htm]
[inuyasha.yoll.net/images/links/jap.gif]
[inuyasha.yoll.net/images/links/linklush.jpg]
[inuyasha.yoll.net/images/links_/ff_i-love_m.gif]
[inuyasha.yoll.net/images/links/link_kali.gif]
[inuyasha.yoll.net/images/guestbook.gif]
[inuyasha.yoll.net/100/rules.htm]
[inuyasha.yoll.net/images/shad.png]
[inuyasha.yoll.net/images/tsubo/165.jpg]
[inuyasha.yoll.net/images/tsubo/01.jpg]
[inuyasha.yoll.net/images/tsubo/02.gif]
[inuyasha.yoll.net/100/codes.htm]
[inuyasha.yoll.net/images/tsubo/03.gif]
[inuyasha.yoll.net/images/quote/kae.gif]
[inuyasha.yoll.net/images/decre.gif]
[inuyasha.yoll.net/images/tsubo/04.jpg]
[inuyasha.yoll.net/images/quote/kik.gif]
[inuyasha.yoll.net/images/tsubo/05.jpg]
[inuyasha.yoll.net/scripts/pics/05palan.jpg]
[inuyasha.yoll.net/100/members.htm]
[inuyasha.yoll.net/images/objects/005bike.jpg]
[inuyasha.yoll.net/images/objects/005firstaid.jpg]
[inuyasha.yoll.net/images/objects/005insect.jpg]
[inuyasha.yoll.net/images/tsubo/06.jpg]
[inuyasha.yoll.net/images/tsubo/07.jpg]
[inuyasha.yoll.net/scripts/pics/100kag5.jpg]
[inuyasha.yoll.net/images/tsubo/08.jpg]
[inuyasha.yoll.net/scripts/pics/08hiyo.jpg]
[inuyasha.yoll.net/images/objects/008bag.jpg]
[inuyasha.yoll.net/images/objects/008brush.jpg]
[inuyasha.yoll.net/100/extras.htm]
[inuyasha.yoll.net/images/objects/008chips.jpg]
[inuyasha.yoll.net/images/objects/008swim.jpg]
[inuyasha.yoll.net/images/objects/008hairspray.jpg]
[inuyasha.yoll.net/images/objects/008float.jpg]
[inuyasha.yoll.net/images/objects/008mat.jpg]
[inuyasha.yoll.net/images/objects/008stuff.jpg]
[inuyasha.yoll.net/images/objects/009antiseptic.jpg]
[inuyasha.yoll.net/images/objects/009food.jpg]
[inuyasha.yoll.net/glossary.htm]
[inuyasha.yoll.net/images/objects/009kettle.jpg]
[inuyasha.yoll.net/images/objects/009stuff1.jpg]
[inuyasha.yoll.net/images/objects/009stuff3.jpg]
[inuyasha.yoll.net/images/objects/009stuff2.jpg]
[inuyasha.yoll.net/images/objects/009stuff4.jpg]
[inuyasha.yoll.net/images/tsubo/10.jpg]
[inuyasha.yoll.net/images/tsubo/11.gif]
[inuyasha.yoll.net/images/tsubo/12.jpg]
[inuyasha.yoll.net/scripts/pics/11katsura.jpg]
[inuyasha.yoll.net/images/tsubo/13.jpg]
[inuyasha.yoll.net/scripts/pics/fff131.jpg]
[inuyasha.yoll.net/scripts/pics/fff132.jpg]
[inuyasha.yoll.net/images/quote/inuhum.gif]
[inuyasha.yoll.net/images/tsubo/14.jpg]
[inuyasha.yoll.net/scripts/pics/13smell.jpg]
[inuyasha.yoll.net/scripts/pics/13nice.jpg]
[inuyasha.yoll.net/scripts/pics/14bike1.jpg]
[inuyasha.yoll.net/scripts/pics/14bike2.jpg]
[inuyasha.yoll.net/images/objects/014sleeping.jpg]
[inuyasha.yoll.net/images/tsubo/15.jpg]
[inuyasha.yoll.net/scripts/pics/15leaf1.jpg]
[inuyasha.yoll.net/scripts/pics/15leaf2.jpg]
[inuyasha.yoll.net/scripts/pics/15happier1.jpg]
[inuyasha.yoll.net/images/tsubo/16.jpg]
[inuyasha.yoll.net/scripts/pics/15happier2.jpg]
[inuyasha.yoll.net/scripts/pics/forest1o3.jpg]
[inuyasha.yoll.net/scripts/pics/16monkey.jpg]
[inuyasha.yoll.net/scripts/pics/16devil.jpg]
[inuyasha.yoll.net/scripts/pics/16bike.jpg]
[inuyasha.yoll.net/scripts/pics/16eep.jpg]
[inuyasha.yoll.net/images/tsubo/17.jpg]
[inuyasha.yoll.net/images/char/tsuyu.jpg]
[inuyasha.yoll.net/scripts/pics/17princ.jpg]
[inuyasha.yoll.net/images/tsubo/18.jpg]
[inuyasha.yoll.net/scripts/pics/18wind.jpg]
[inuyasha.yoll.net/scripts/pics/18bun1.jpg]
[inuyasha.yoll.net/scripts/pics/18bun2.jpg]
[inuyasha.yoll.net/scripts/pics/fff181.jpg]
[inuyasha.yoll.net/images/tsubo/19.jpg]
[inuyasha.yoll.net/scripts/pics/19ladder.jpg]
[inuyasha.yoll.net/scripts/pics/fff192.jpg]
[inuyasha.yoll.net/scripts/pics/fff191.jpg]
[inuyasha.yoll.net/images/objects/019drink2.jpg]
[inuyasha.yoll.net/images/tsubo/21.jpg]
[inuyasha.yoll.net/images/tsubo/20.jpg]
[inuyasha.yoll.net/scripts/pics/22princ2.jpg]
[inuyasha.yoll.net/scripts/pics/20devil.jpg]
[inuyasha.yoll.net/scripts/pics/22princ1.jpg]
[inuyasha.yoll.net/images/objects/022food.jpg]
[inuyasha.yoll.net/images/objects/022lolli.jpg]
[inuyasha.yoll.net/images/char/seikai.gif]
[inuyasha.yoll.net/images/objects/022drink1.jpg]
[inuyasha.yoll.net/images/tsubo/23.gif]
[inuyasha.yoll.net/images/tsubo/24.jpg]
[inuyasha.yoll.net/scripts/pics/23devil.jpg]
[inuyasha.yoll.net/scripts/ep22.html]
[inuyasha.yoll.net/scripts/pics/24san.jpg]
[inuyasha.yoll.net/images/objects/024lolli.jpg]
[inuyasha.yoll.net/images/tsubo/25.jpg]
[inuyasha.yoll.net/images/objects/024drink.jpg]
[inuyasha.yoll.net/scripts/pics/fff251.jpg]
[inuyasha.yoll.net/images/quote/koh.gif]
[inuyasha.yoll.net/images/tsubo/26.jpg]
[inuyasha.yoll.net/scripts/pics/26hand.jpg]
[inuyasha.yoll.net/scripts/pics/26midkir.jpg]
[inuyasha.yoll.net/images/objects/026handiplast.jpg]
[inuyasha.yoll.net/images/objects/26wash.jpg]
[inuyasha.yoll.net/images/tsubo/27.jpg]
[inuyasha.yoll.net/images/tsubo/28.jpg]
[inuyasha.yoll.net/scripts/pics/fff271.jpg]
[inuyasha.yoll.net/scripts/pics/28hand.jpg]
[inuyasha.yoll.net/images/tsubo/29.jpg]
[inuyasha.yoll.net/scripts/pics/class1o12.jpg]
[inuyasha.yoll.net/images/tsubo/30.jpg]
[inuyasha.yoll.net/scripts/pics/waterfall2o3.jpg]
[inuyasha.yoll.net/scripts/pics/24now.jpg]
[inuyasha.yoll.net/scripts/pics/24alright.jpg]
[inuyasha.yoll.net/scripts/pics/chry.jpg]
[inuyasha.yoll.net/images/quote/myocry.gif]
[inuyasha.yoll.net/scripts/pics/31trip.jpg]
[inuyasha.yoll.net/images/tsubo/32.jpg]
[inuyasha.yoll.net/scripts/pics/32torch.jpg]
[inuyasha.yoll.net/images/tsubo/33.jpg]
[inuyasha.yoll.net/images/tsubo/34.jpg]
[inuyasha.yoll.net/images/tsubo/35.jpg]
[inuyasha.yoll.net/images/tsubo/31.jpg]
[inuyasha.yoll.net/images/tsubo/36.jpg]
[inuyasha.yoll.net/scripts/pics/35help.jpg]
[inuyasha.yoll.net/scripts/pics/36mir.jpg]
[inuyasha.yoll.net/scripts/pics/36stuck.jpg]
[inuyasha.yoll.net/scripts/pics/36band1.jpg]
[inuyasha.yoll.net/images/quote/kog.gif]
[inuyasha.yoll.net/images/tsubo/37.jpg]
[inuyasha.yoll.net/images/tsubo/38.jpg]
[inuyasha.yoll.net/scripts/pics/38wacd.jpg]
[inuyasha.yoll.net/scripts/pics/38hand.jpg]
[inuyasha.yoll.net/images/objects/038crayons.jpg]
[inuyasha.yoll.net/images/tsubo/39.jpg]
[inuyasha.yoll.net/images/tsubo/40.jpg]
[inuyasha.yoll.net/scripts/pics/39hand.jpg]
[inuyasha.yoll.net/scripts/pics/40kar1.jpg]
[inuyasha.yoll.net/scripts/pics/40kar2.jpg]
[inuyasha.yoll.net/images/tsubo/41.jpg]
[inuyasha.yoll.net/scripts/pics/fff411.jpg]
[inuyasha.yoll.net/scripts/pics/fff412.jpg]
[inuyasha.yoll.net/images/tsubo/42.jpg]
[inuyasha.yoll.net/scripts/pics/fff421.jpg]
[inuyasha.yoll.net/scripts/pics/fff413.jpg]
[inuyasha.yoll.net/scripts/pics/fff401.jpg]
[inuyasha.yoll.net/images/tsubo/43.jpg]
[inuyasha.yoll.net/scripts/pics/fff433.jpg]
[inuyasha.yoll.net/scripts/pics/fff431.jpg]
[inuyasha.yoll.net/scripts/pics/43hand.jpg]
[inuyasha.yoll.net/images/quote/inudev.gif]
[inuyasha.yoll.net/images/tsubo/44.jpg]
[inuyasha.yoll.net/scripts/pics/44rin2.jpg]
[inuyasha.yoll.net/scripts/pics/44rin1.jpg]
[inuyasha.yoll.net/images/objects/044bottle.jpg]
[inuyasha.yoll.net/scripts/pics/fff432.jpg]
[inuyasha.yoll.net/images/tsubo/46.jpg]
[inuyasha.yoll.net/images/objects/044drinks.jpg]
[inuyasha.yoll.net/scripts/pics/46bag2.jpg]
[inuyasha.yoll.net/images/tsubo/45.jpg]
[inuyasha.yoll.net/images/tsubo/47.jpg]
[inuyasha.yoll.net/scripts/pics/46bag1.jpg]
[inuyasha.yoll.net/scripts/pics/46horse.jpg]
[inuyasha.yoll.net/images/tsubo/48.jpg]
[inuyasha.yoll.net/scripts/pics/47peace.jpg]
[inuyasha.yoll.net/scripts/pics/48hold1.jpg]
[inuyasha.yoll.net/scripts/pics/48hold2.jpg]
[inuyasha.yoll.net/scripts/pics/48kagha.jpg]
[inuyasha.yoll.net/images/tsubo/49.gif]
[inuyasha.yoll.net/scripts/pics/48chubby.jpg]
[inuyasha.yoll.net/images/tsubo/50.gif]
[inuyasha.yoll.net/images/tsubo/51.gif]
[inuyasha.yoll.net/scripts/pics/51cross.jpg]
[inuyasha.yoll.net/scripts/pics/51runt.jpg]
[inuyasha.yoll.net/scripts/pics/52reject.jpg]
[inuyasha.yoll.net/images/tsubo/53.jpg]
[inuyasha.yoll.net/images/tsubo/54.gif]
[inuyasha.yoll.net/images/quote/inusit.gif]
[inuyasha.yoll.net/images/tsubo/55.gif]
[inuyasha.yoll.net/scripts/pics/55quartz.jpg]
[inuyasha.yoll.net/images/tsubo/56.jpg]
[inuyasha.yoll.net/scripts/pics/55tshirt.jpg]
[inuyasha.yoll.net/images/tsubo/57.gif]
[pandemonium.tiscali.de/pub/gutenberg/etext00/peach10.txt]
[inuyasha.yoll.net/images/tsubo/58.gif]
[inuyasha.yoll.net/images/tsubo/52.gif]
[inuyasha.yoll.net/scripts/pics/57big.jpg]
[inuyasha.yoll.net/images/tsubo/59.gif]
[inuyasha.yoll.net/scripts/pics/59shuriken.jpg]
[inuyasha.yoll.net/scripts/pics/59kir.jpg]
[inuyasha.yoll.net/scripts/pics/59shoulder.jpg]
[inuyasha.yoll.net/images/tsubo/60.jpg]
[inuyasha.yoll.net/images/tsubo/61.gif]
[inuyasha.yoll.net/scripts/pics/59sango.gif]
[inuyasha.yoll.net/scripts/pics/61tear.jpg]
[inuyasha.yoll.net/images/tsubo/62.jpg]
[inuyasha.yoll.net/scripts/pics/62pink.jpg]
[inuyasha.yoll.net/scripts/pics/62mirsan.jpg]
[inuyasha.yoll.net/images/tsubo/63.gif]
[inuyasha.yoll.net/scripts/pics/63yinyang.gif]
[inuyasha.yoll.net/scripts/pics/63momiji.jpg]
[inuyasha.yoll.net/scripts/pics/63botan.jpg]
[inuyasha.yoll.net/scripts/pics/63argh.jpg]
[inuyasha.yoll.net/scripts/pics/63devil.gif]
[inuyasha.yoll.net/images/char/botan.gif]
[inuyasha.yoll.net/images/tsubo/64.gif]
[inuyasha.yoll.net/scripts/pics/64flowers.jpg]
[inuyasha.yoll.net/images/tsubo/65.gif]
[inuyasha.yoll.net/scripts/pics/64pagoda.jpg]
[inuyasha.yoll.net/scripts/pics/65inu.jpg]
[inuyasha.yoll.net/images/tsubo/66.gif]
[inuyasha.yoll.net/scripts/pics/65kir.jpg]
[inuyasha.yoll.net/scripts/pics/66bald.jpg]
[inuyasha.yoll.net/images/tsubo/67.gif]
[inuyasha.yoll.net/images/tsubo/68.gif]
[inuyasha.yoll.net/scripts/pics/67kirbask.jpg]
[inuyasha.yoll.net/scripts/pics/68daruma.jpg]
[inuyasha.yoll.net/scripts/pics/68heno.jpg]
[inuyasha.yoll.net/scripts/pics/68heno1.gif]
[inuyasha.yoll.net/scripts/pics/68devil.gif]
[inuyasha.yoll.net/scripts/pics/68shi1.gif]
[inuyasha.yoll.net/images/char/koryu.gif]
[inuyasha.yoll.net/scripts/pics/68shi2.jpg]
[inuyasha.yoll.net/images/tsubo/69.gif]
[inuyasha.yoll.net/scripts/pics/69mir.jpg]
[inuyasha.yoll.net/images/tsubo/70.gif]
[inuyasha.yoll.net/images/tsubo/71.gif]
[inuyasha.yoll.net/images/tsubo/72.gif]
[inuyasha.yoll.net/images/tsubo/73.jpg]
[inuyasha.yoll.net/scripts/pics/73card.jpg]
[inuyasha.yoll.net/scripts/pics/73cheshire.gif]
[inuyasha.yoll.net/scripts/pics/73karuta.jpg]
[inuyasha.yoll.net/scripts/pics/73oldmaid.jpg]
[inuyasha.yoll.net/scripts/pics/73shiori.jpg]
[inuyasha.yoll.net/images/char/shizu.gif]
[inuyasha.yoll.net/images/tsubo/74.jpg]
[inuyasha.yoll.net/images/tsubo/75.jpg]
[inuyasha.yoll.net/scripts/pics/74gdboy.jpg]
[inuyasha.yoll.net/images/char/haachi.jpg]
[inuyasha.yoll.net/images/char/toran.gif]
[inuyasha.yoll.net/scripts/pics/75news.gif]
[inuyasha.yoll.net/images/char/gin.gif]
[inuyasha.yoll.net/images/char/hak.gif]
[inuyasha.yoll.net/images/tsubo/76.jpg]
[inuyasha.yoll.net/images/kitsune/bomb.gif]
[inuyasha.yoll.net/images/tsubo/77.jpg]
[inuyasha.yoll.net/scripts/pics/77fan.jpg]
[inuyasha.yoll.net/images/char/shunran.gif]
[inuyasha.yoll.net/scripts/pics/77team1.jpg]
[inuyasha.yoll.net/images/char/karan.gif]
[inuyasha.yoll.net/images/char/shuran.gif]
[inuyasha.yoll.net/images/tsubo/78.gif]
[home.europa.com/_telscope/otachou.jpg]
[inuyasha.yoll.net/images/char/shuran.gif]
[inuyasha.yoll.net/scripts/pics/78youngs.jpg]
[inuyasha.yoll.net/scripts/pics/78marry1.jpg]
[inuyasha.yoll.net/scripts/pics/78marry2.jpg]
[inuyasha.yoll.net/scripts/pics/78smile.gif]
[inuyasha.yoll.net/scripts/pics/78umbrella.jpg]
[inuyasha.yoll.net/images/tsubo/79.gif]
[inuyasha.yoll.net/scripts/pics/79pen1.jpg]
[inuyasha.yoll.net/scripts/pics/79fire.gif]
[inuyasha.yoll.net/scripts/pics/79spring.jpg]
[inuyasha.yoll.net/scripts/pics/78jak1.jpg]
[inuyasha.yoll.net/scripts/pics/79tet1fail.gif]
[inuyasha.yoll.net/scripts/pics/79tet2.jpg]
[inuyasha.yoll.net/scripts/pics/79tet21.gif]
[inuyasha.yoll.net/scripts/pics/79tet2fail.jpg]
[inuyasha.yoll.net/scripts/pics/79tet3.gif]
[inuyasha.yoll.net/scripts/pics/79tet31.gif]
[inuyasha.yoll.net/scripts/pics/79tet3fail.jpg]
[inuyasha.yoll.net/scripts/pics/79tet33.gif]
[inuyasha.yoll.net/images/tsubo/80.gif]
[inuyasha.yoll.net/images/tsubo/81.gif]
[inuyasha.yoll.net/images/tsubo/82.gif]
[inuyasha.yoll.net/scripts/pics/82sleep.gif]
[inuyasha.yoll.net/scripts/pics/82sleep1.jpg]
[inuyasha.yoll.net/scripts/pics/82scratch.gif]
[inuyasha.yoll.net/scripts/pics/82hand.jpg]
[inuyasha.yoll.net/scripts/pics/82tv.jpg]
[inuyasha.yoll.net/scripts/pics/82card.jpg]
[inuyasha.yoll.net/scripts/pics/82lunch.jpg]
[inuyasha.yoll.net/scripts/pics/82hair.jpg]
[inuyasha.yoll.net/images/tsubo/83.gif]
[inuyasha.yoll.net/scripts/pics/84iris.jpg]
[inuyasha.yoll.net/scripts/pics/84moon.jpg]
[inuyasha.yoll.net/scripts/pics/83rainbow.jpg]
[inuyasha.yoll.net/images/tsubo/84.gif]
[inuyasha.yoll.net/scripts/pics/84shard1.gif]
[inuyasha.yoll.net/scripts/pics/84shard2.jpg]
[inuyasha.yoll.net/scripts/pics/84kir.jpg]
[inuyasha.yoll.net/scripts/pics/8437bird.jpg]
[inuyasha.yoll.net/scripts/pics/84kick.jpg]
[inuyasha.yoll.net/images/tsubo/85.gif]
[inuyasha.yoll.net/scripts/pics/85hide1.jpg]
[inuyasha.yoll.net/scripts/pics/85hide2.jpg]
[inuyasha.yoll.net/scripts/pics/85hide3.jpg]
[inuyasha.yoll.net/scripts/pics/85shi.jpg]
[inuyasha.yoll.net/images/tsubo/86.gif]
[inuyasha.yoll.net/images/tsubo/87.gif]
[inuyasha.yoll.net/scripts/pics/87fever.jpg]
[inuyasha.yoll.net/scripts/pics/87fever1.jpg]
[inuyasha.yoll.net/contact.html]
[inuyasha.yoll.net/images/songs/E5-6.jpg]
[inuyasha.yoll.net/images/tsubo/88.jpg]
[inuyasha.yoll.net/scripts/pics/88ses.jpg]
[inuyasha.yoll.net/scripts/pics/88kog.gif]
[inuyasha.yoll.net/scripts/pics/88well.jpg]
[inuyasha.yoll.net/scripts/pics/88travel.jpg]
[inuyasha.yoll.net/images/tsubo/89.gif]
[inuyasha.yoll.net/scripts/pics/88diving.jpg]
[inuyasha.yoll.net/scripts/pics/88reaver.jpg]
[inuyasha.yoll.net/scripts/pics/89roof1.gif]
[inuyasha.yoll.net/scripts/pics/89roof2.jpg]
[inuyasha.yoll.net/scripts/pics/89photo.jpg]
[inuyasha.yoll.net/scripts/pics/89buyo.jpg]
[inuyasha.yoll.net/images/tsubo/90.jpg]
[inuyasha.yoll.net/scripts/pics/90conan.jpg]
[inuyasha.yoll.net/scripts/pics/90shop.jpg]
[inuyasha.yoll.net/scripts/pics/90sign4.jpg]
[inuyasha.yoll.net/scripts/pics/90sign3.jpg]
[inuyasha.yoll.net/scripts/pics/90sign1.jpg]
[inuyasha.yoll.net/scripts/pics/90sign2.jpg]
[inuyasha.yoll.net/scripts/pics/90sign5.jpg]
[inuyasha.yoll.net/scripts/pics/90sign6.jpg]
[inuyasha.yoll.net/scripts/pics/90sign7.jpg]
[inuyasha.yoll.net/images/tsubo/91.gif]
[inuyasha.yoll.net/scripts/pics/91kittens.jpg]
[inuyasha.yoll.net/scripts/pics/91neko.jpg]
[inuyasha.yoll.net/images/tsubo/92.gif]
[inuyasha.yoll.net/images/char/enju.gif]
[inuyasha.yoll.net/images/tsubo/93.gif]
[inuyasha.yoll.net/scripts/pics/92clay.gif]
[inuyasha.yoll.net/scripts/pics/93weasel.jpg]
[inuyasha.yoll.net/scripts/pics/93tanuki.jpg]
[inuyasha.yoll.net/scripts/pics/92kag.jpg]
[en.wikipedia.org/wiki/Image_WEASEL.JPG]
[inuyasha.yoll.net/scripts/pics/93game.jpg]
[inuyasha.yoll.net/scripts/pics/93charm.gif]
[inuyasha.yoll.net/scripts/pics/93nose.jpg]
[en.wikipedia.org/wiki/Image_Aud-zoo-raccoon-1.jpg]
[inuyasha.yoll.net/scripts/pics/93mir.jpg]
[inuyasha.yoll.net/scripts/pics/93film.jpg]
[inuyasha.yoll.net/scripts/pics/93film1.jpg]
[inuyasha.yoll.net/images/tsubo/94.gif]
[inuyasha.yoll.net/images/char/fakewg.jpg]
[inuyasha.yoll.net/images/tsubo/95.gif]
[inuyasha.yoll.net/images/char/orochi.gif]
[inuyasha.yoll.net/scripts/pics/94sun.jpg]
[inuyasha.yoll.net/scripts/pics/94sun1.jpg]
[inuyasha.yoll.net/scripts/pics/95sun.jpg]
[inuyasha.yoll.net/scripts/pics/95yuu.jpg]
[inuyasha.yoll.net/scripts/pics/95chi.jpg]
[inuyasha.yoll.net/scripts/pics/95ai.jpg]
[inuyasha.yoll.net/scripts/pics/9568.jpg]
[inuyasha.yoll.net/scripts/pics/95shin.jpg]
[inuyasha.yoll.net/scripts/pics/9593.gif]
[inuyasha.yoll.net/scripts/ep41.html]
[inuyasha.yoll.net/scripts/pics/96hug.jpg]
[inuyasha.yoll.net/images/tsubo/96.jpg]
[inuyasha.yoll.net/images/tsubo/97.jpg]
[inuyasha.yoll.net/scripts/pics/97sleep.jpg]
[inuyasha.yoll.net/scripts/pics/97cake.jpg]
[inuyasha.yoll.net/scripts/pics/97kir1.jpg]
[inuyasha.yoll.net/scripts/pics/97kir2.jpg]
[inuyasha.yoll.net/scripts/pics/97kir3.jpg]
[inuyasha.yoll.net/scripts/pics/97inu.gif]
[inuyasha.yoll.net/scripts/pics/97mir.gif]
[inuyasha.yoll.net/scripts/pics/97kag.gif]
[inuyasha.yoll.net/images/tsubo/98.jpg]
[inuyasha.yoll.net/scripts/pics/98shard.gif]
[inuyasha.yoll.net/scripts/pics/98piggy.jpg]
[inuyasha.yoll.net/scripts/pics/98inu1.jpg]
[inuyasha.yoll.net/scripts/pics/98inu2.jpg]
[inuyasha.yoll.net/images/quote/gin.gif]
[inuyasha.yoll.net/images/quote/hak.gif]
[inuyasha.yoll.net/images/tsubo/99.jpg]
[inuyasha.yoll.net/scripts/pics/99chip.jpg]
[inuyasha.yoll.net/scripts/pics/99chip1.gif]
[inuyasha.yoll.net/scripts/pics/99flowers.jpg]
[inuyasha.yoll.net/scripts/pics/99wolf.jpg]
[inuyasha.yoll.net/100/codes/button1.gif]
[inuyasha.yoll.net/images/tsubo/100.jpg]
[inuyasha.yoll.net/images/char/garamaru.gif]
[inuyasha.yoll.net/scripts/pics/100san.gif]
[inuyasha.yoll.net/scripts/pics/100san1.jpg]
[inuyasha.yoll.net/scripts/pics/100san2.jpg]
[inuyasha.yoll.net/scripts/pics/100san3.jpg]
[inuyasha.yoll.net/scripts/pics/100san4.jpg]
[inuyasha.yoll.net/scripts/pics/100mir.gif]
[inuyasha.yoll.net/scripts/pics/100mir1.gif]
[inuyasha.yoll.net/scripts/pics/100mir3.jpg]
[inuyasha.yoll.net/scripts/pics/100shi.gif]
[inuyasha.yoll.net/scripts/pics/100mir2.jpg]
[inuyasha.yoll.net/scripts/pics/100shi2.jpg]
[inuyasha.yoll.net/scripts/pics/100shi3.jpg]
[inuyasha.yoll.net/scripts/pics/100shi4.jpg]
[inuyasha.yoll.net/scripts/pics/100kag.gif]
[inuyasha.yoll.net/scripts/pics/100kag1.jpg]
[inuyasha.yoll.net/scripts/pics/100manten.gif]
[inuyasha.yoll.net/scripts/pics/100kag3.jpg]
[inuyasha.yoll.net/scripts/pics/100kag2.jpg]
[inuyasha.yoll.net/scripts/pics/100kag4.jpg]
[inuyasha.yoll.net/scripts/pics/100inu1.gif]
[inuyasha.yoll.net/scripts/pics/betray1o1.jpg]
[inuyasha.yoll.net/scripts/pics/100inu.jpg]
[inuyasha.yoll.net/images/tsubo/101.jpg]
[inuyasha.yoll.net/scripts/pics/101deja.jpg]
[inuyasha.yoll.net/images/char/koyuki.jpg]
[inuyasha.yoll.net/images/char/kyokotsu.jpg]
[inuyasha.yoll.net/images/tsubo/102.jpg]
[inuyasha.yoll.net/images/tsubo/103.jpg]
[inuyasha.yoll.net/images/quote/mks.gif]
[inuyasha.yoll.net/scripts/pics/102gun.jpg]
[inuyasha.yoll.net/images/quote/rks.gif]
[inuyasha.yoll.net/images/char/reverend.gif]
[inuyasha.yoll.net/images/tsubo/104.jpg]
[inuyasha.yoll.net/images/tsubo/105.jpg]
[inuyasha.yoll.net/images/char/apprentice.gif]
[inuyasha.yoll.net/images/tsubo/106.jpg]
[inuyasha.yoll.net/scripts/pics/106inu.jpg]
[inuyasha.yoll.net/scripts/pics/106shi1.jpg]
[inuyasha.yoll.net/images/tsubo/107.jpg]
[inuyasha.yoll.net/scripts/pics/107inu3.gif]
[inuyasha.yoll.net/scripts/pics/107koh.gif]
[inuyasha.yoll.net/scripts/pics/107shi1.gif]
[inuyasha.yoll.net/scripts/pics/107drink1.gif]
[inuyasha.yoll.net/scripts/pics/107drink2.gif]
[inuyasha.yoll.net/scripts/pics/107drink3.gif]
[inuyasha.yoll.net/scripts/pics/107drink4.gif]
[inuyasha.yoll.net/scripts/pics/107drink5.gif]
[inuyasha.yoll.net/scripts/pics/107drink6.jpg]
[inuyasha.yoll.net/images/quote/sks1.gif]
[inuyasha.yoll.net/images/tsubo/108.jpg]
[inuyasha.yoll.net/scripts/pics/108sui.jpg]
[inuyasha.yoll.net/images/quote/sks2.gif]
[inuyasha.yoll.net/images/tsubo/109.jpg]
[inuyasha.yoll.net/scripts/pics/109kik.jpg]
[inuyasha.yoll.net/images/tsubo/110.jpg]
[inuyasha.yoll.net/scripts/pics/110bagg.gif]
[inuyasha.yoll.net/images/tsubo/111.jpg]
[inuyasha.yoll.net/images/tsubo/112.jpg]
[inuyasha.yoll.net/images/tsubo/113.jpg]
[inuyasha.yoll.net/scripts/pics/113shikon.gif]
[inuyasha.yoll.net/scripts/pics/113sui.jpg]
[inuyasha.yoll.net/images/tsubo/114.jpg]
[inuyasha.yoll.net/scripts/pics/114gin.jpg]
[inuyasha.yoll.net/scripts/pics/114kog.jpg]
[inuyasha.yoll.net/scripts/pics/114kog1.jpg]
[inuyasha.yoll.net/images/quote/gks.gif]
[inuyasha.yoll.net/images/tsubo/115.jpg]
[inuyasha.yoll.net/scripts/pics/115inu.jpg]
[inuyasha.yoll.net/scripts/pics/115fur.jpg]
[inuyasha.yoll.net/scripts/pics/115home.jpg]
[inuyasha.yoll.net/images/tsubo/116.jpg]
[inuyasha.yoll.net/images/tsubo/117.jpg]
[inuyasha.yoll.net/scripts/pics/116fur.jpg]
[inuyasha.yoll.net/scripts/pics/117rks1.jpg]
[inuyasha.yoll.net/scripts/pics/117rks2.jpg]
[inuyasha.yoll.net/images/tsubo/118.jpg]
[inuyasha.yoll.net/scripts/pics/118kir.jpg]
[inuyasha.yoll.net/scripts/pics/118only.gif]
[inuyasha.yoll.net/images/char/hakushin.gif]
[inuyasha.yoll.net/images/tsubo/119.jpg]
[inuyasha.yoll.net/images/tsubo/120.jpg]
[inuyasha.yoll.net/images/tsubo/121.gif]
[inuyasha.yoll.net/images/tsubo/122.jpg]
[inuyasha.yoll.net/scripts/pics/122inu.jpg]
[inuyasha.yoll.net/images/tsubo/123.jpg]
[inuyasha.yoll.net/images/tsubo/124.jpg]
[inuyasha.yoll.net/images/quote/aka.gif]
[inuyasha.yoll.net/scripts/pics/124kik.jpg]
[inuyasha.yoll.net/scripts/pics/124soul.jpg]
[inuyasha.yoll.net/images/tsubo/125.jpg]
[inuyasha.yoll.net/scripts/pics/125grave.jpg]
[inuyasha.yoll.net/scripts/pics/125tail.gif]
[inuyasha.yoll.net/images/tsubo/126.jpg]
[inuyasha.yoll.net/scripts/pics/126grave.jpg]
[inuyasha.yoll.net/scripts/pics/126forget.jpg]
[inuyasha.yoll.net/images/char/yuka.jpg]
[inuyasha.yoll.net/images/tsubo/127.jpg]
[inuyasha.yoll.net/scripts/pics/127mask.gif]
[inuyasha.yoll.net/scripts/pics/127box.jpg]
[inuyasha.yoll.net/scripts/pics/127tenchi.jpg]
[inuyasha.yoll.net/images/tsubo/128.gif]
[inuyasha.yoll.net/scripts/pics/128curry.jpg]
[inuyasha.yoll.net/scripts/pics/128sword.jpg]
[inuyasha.yoll.net/scripts/pics/128kag.jpg]
[inuyasha.yoll.net/scripts/pics/128rock.jpg]
[inuyasha.yoll.net/scripts/pics/128wait.jpg]
[inuyasha.yoll.net/scripts/pics/128youkai.jpg]
[inuyasha.yoll.net/scripts/pics/128inu.gif]
[inuyasha.yoll.net/scripts/pics/128gather.jpg]
[inuyasha.yoll.net/images/songs/128.jpg]
[inuyasha.yoll.net/images/tsubo/129.gif]
[inuyasha.yoll.net/images/char/monkey.gif]
[inuyasha.yoll.net/images/char/choyuukai.gif]
[inuyasha.yoll.net/images/char/kappa.gif]
[inuyasha.yoll.net/scripts/pics/129rose.jpg]
[inuyasha.yoll.net/images/tsubo/130.jpg]
[inuyasha.yoll.net/scripts/pics/130.gif]
[inuyasha.yoll.net/images/tsubo/131.jpg]
[inuyasha.yoll.net/images/tsubo/132.gif]
[inuyasha.yoll.net/scripts/pics/132not.jpg]
[inuyasha.yoll.net/images/char/sara.gif]
[inuyasha.yoll.net/scripts/pics/132yes.gif]
[inuyasha.yoll.net/images/tsubo/134.jpg]
[inuyasha.yoll.net/scripts/pics/133flute.jpg]
[inuyasha.yoll.net/images/tsubo/135.gif]
[inuyasha.yoll.net/scripts/pics/135haa.jpg]
[inuyasha.yoll.net/scripts/pics/135kag.jpg]
[inuyasha.yoll.net/images/tsubo/136.gif]
[inuyasha.yoll.net/images/objects/136lolli.jpg]
[inuyasha.yoll.net/images/tsubo/137.gif]
[inuyasha.yoll.net/images/objects/137bento3.jpg]
[inuyasha.yoll.net/images/objects/137bento4.jpg]
[inuyasha.yoll.net/images/objects/137food1.jpg]
[inuyasha.yoll.net/images/objects/137food2.jpg]
[inuyasha.yoll.net/images/char/hoshiyomi.gif]
[inuyasha.yoll.net/images/char/akitoki.gif]
[inuyasha.yoll.net/images/tsubo/138.jpg]
[inuyasha.yoll.net/images/objects/138lighter.jpg]
[inuyasha.yoll.net/images/objects/138pan.jpg]
[inuyasha.yoll.net/images/objects/138noodles.jpg]
[inuyasha.yoll.net/images/objects/138photo.jpg]
[inuyasha.yoll.net/images/tsubo/139.gif]
[inuyasha.yoll.net/images/objects/137coolingpad.jpg]
[inuyasha.yoll.net/scripts/pics/139kokoro.gif]
[inuyasha.yoll.net/images/char/tsukiyomi.gif]
[inuyasha.yoll.net/images/char/shinsen.jpg]
[inuyasha.yoll.net/images/char/kanta.gif]
[inuyasha.yoll.net/images/tsubo/142.jpg]
[inuyasha.yoll.net/images/tsubo/143.jpg]
[inuyasha.yoll.net/scripts/pics/143evil.jpg]
[inuyasha.yoll.net/images/tsubo/144.jpg]
[inuyasha.yoll.net/images/char/housenki_2.gif]
[inuyasha.yoll.net/scripts/pics/145shrine.jpg]
[inuyasha.yoll.net/images/objects/145food1.jpg]
[inuyasha.yoll.net/images/objects/145food2.jpg]
[inuyasha.yoll.net/images/quote/kaey.gif]
[inuyasha.yoll.net/scripts/pics/147hir.jpg]
[inuyasha.yoll.net/images/quote/kochou.gif]
[inuyasha.yoll.net/images/quote/asuka.gif]
[inuyasha.yoll.net/images/tsubo/151.jpg]
[inuyasha.yoll.net/images/char/abim.gif]
[inuyasha.yoll.net/images/tsubo/152.jpg]
[inuyasha.yoll.net/images/char/abi.jpg]
[inuyasha.yoll.net/images/tsubo/153.jpg]
[inuyasha.yoll.net/scripts/pics/153koh.jpg]
[inuyasha.yoll.net/images/objects/153drinik.jpg]
[inuyasha.yoll.net/images/tsubo/154.jpg]
[inuyasha.yoll.net/images/char/housenki_1.gif]
[inuyasha.yoll.net/images/tsubo/155.gif]
[inuyasha.yoll.net/images/tsubo/156.jpg]
[inuyasha.yoll.net/scripts/pics/156bro.jpg]
[inuyasha.yoll.net/scripts/pics/156kneel.jpg]
[inuyasha.yoll.net/images/char/gozu.gif]
[inuyasha.yoll.net/images/tsubo/157.gif]
[inuyasha.yoll.net/images/tsubo/158.jpg]
[inuyasha.yoll.net/scripts/pics/158shi.jpg]
[inuyasha.yoll.net/images/objects/158lolli.jpg]
[inuyasha.yoll.net/images/tsubo/159.jpg]
[inuyasha.yoll.net/images/tsubo/160.jpg]
[inuyasha.yoll.net/scripts/pics/160part.jpg]
[inuyasha.yoll.net/scripts/pics/160hand.gif]
[inuyasha.yoll.net/images/char/nushi.gif]
[inuyasha.yoll.net/images/char/shima.jpg]
[inuyasha.yoll.net/images/tsubo/161.jpg]
[inuyasha.yoll.net/images/kitsune/sango.gif]
[inuyasha.yoll.net/scripts/pics/161nose.jpg]
[inuyasha.yoll.net/scripts/pics/161past.jpg]
[inuyasha.yoll.net/images/tsubo/162.jpg]
[inuyasha.yoll.net/scripts/pics/162-1.jpg]
[inuyasha.yoll.net/scripts/pics/162-2.jpg]
[inuyasha.yoll.net/scripts/pics/162-3.jpg]
[inuyasha.yoll.net/scripts/pics/163letsgo.jpg]
[inuyasha.yoll.net/images/objects/163pot.jpg]
[inuyasha.yoll.net/images/objects/164noodles.jpg]
[inuyasha.yoll.net/images/tsubo/164.jpg]
[inuyasha.yoll.net/images/objects/163books.jpg]
[inuyasha.yoll.net/scripts/pics/164hand.jpg]
[inuyasha.yoll.net/images/tsubo/163.jpg]
[inuyasha.yoll.net/scripts/pics/164draw.jpg]
[inuyasha.yoll.net/images/objects/164pyamas.jpg]
[inuyasha.yoll.net/images/objects/048medicine.jpg]
[inuyasha.yoll.net/images/objects/154sleep.jpg]
[inuyasha.yoll.net/images/shichi/images/bk_top.gif]
[inuyasha.yoll.net/images/shichi/images/index.gif]
[inuyasha.yoll.net/images/shichi/images/bk_bottom.gif]
[inuyasha.yoll.net/images/sham.jpg]
[inuyasha.yoll.net/images/kitsune/head.jpg]
[inuyasha.yoll.net/images/links/shippofan.jpg]
[inuyasha.yoll.net/images/kitsune/foxfire.jpg]
[inuyasha.yoll.net/images/kitsune/balloon.gif]
[inuyasha.yoll.net/images/shichi/shi.css]
[inuyasha.yoll.net/images/kitsune/kagome.jpg]
[inuyasha.yoll.net/images/kitsune/bow.gif]
[inuyasha.yoll.net/images/kitsune/spider.gif]
[inuyasha.yoll.net/images/kitsune/koga.gif]
[inuyasha.yoll.net/images/kitsune/woman.gif]
[inuyasha.yoll.net/images/kitsune/chicken.gif]
[inuyasha.yoll.net/images/kitsune/jizo.gif]
[inuyasha.yoll.net/images/shichi/index1.htm]
[inuyasha.yoll.net/images/kitsune/top.gif]
[inuyasha.yoll.net/images/kitsune/mushroom.gif]
[inuyasha.yoll.net/images/kitsune/snake.gif]
[inuyasha.yoll.net/images/kitsune/horse.gif]
[inuyasha.yoll.net/images/kitsune/acorns.gif]
[inuyasha.yoll.net/images/kitsune/hammer.gif]
[inuyasha.yoll.net/images/kitsune/multi.gif]
[inuyasha.yoll.net/images/kitsune/spin.gif]
[inuyasha.yoll.net/images/kitsune/crayons.gif]
[inuyasha.yoll.net/images/sign1.jpg]
[inuyasha.yoll.net/images/kitsune/invisible.gif]
[inuyasha.yoll.net/images/sign2.jpg]
[inuyasha.yoll.net/images/songs/O1-1.gif]
[inuyasha.yoll.net/images/songs/O1-9.jpg]
[inuyasha.yoll.net/images/songs/O1-2.jpg]
[inuyasha.yoll.net/index.htm]
[inuyasha.yoll.net/images/songs/O1-3.jpg]
[inuyasha.yoll.net/images/songs/O1-5.jpg]
[inuyasha.yoll.net/images/songs/O1-4.gif]
[inuyasha.yoll.net/images/songs/O1-6.jpg]
[inuyasha.yoll.net/images/songs/O1-7.jpg]
[inuyasha.yoll.net/images/songs/O1-8-1.jpg]
[inuyasha.yoll.net/images/songs/O1-8-2.jpg]
[inuyasha.yoll.net/images/songs/O2-1.jpg]
[inuyasha.yoll.net/images/songs/O2-9.jpg]
[inuyasha.yoll.net/images/songs/O2-2.jpg]
[inuyasha.yoll.net/images/songs/O2-3.jpg]
[inuyasha.yoll.net/images/songs/O2-4.jpg]
[inuyasha.yoll.net/images/songs/O2-5.jpg]
[inuyasha.yoll.net/images/songs/O2-6.gif]
[inuyasha.yoll.net/images/songs/O2-7.gif]
[inuyasha.yoll.net/images/songs/O2-8.gif]
[inuyasha.yoll.net/images/songs/O3-1.jpg]
[inuyasha.yoll.net/images/songs/O3-6.jpg]
[inuyasha.yoll.net/images/songs/O3-2.jpg]
[inuyasha.yoll.net/images/songs/O3-4.jpg]
[inuyasha.yoll.net/images/songs/O3-5.jpg]
[inuyasha.yoll.net/images/songs/O3-3.jpg]
[inuyasha.yoll.net/images/songs/O3-8.jpg]
[inuyasha.yoll.net/images/songs/O3-7.jpg]
[inuyasha.yoll.net/images/songs/O4-1.jpg]
[inuyasha.yoll.net/images/songs/O4-13.jpg]
[inuyasha.yoll.net/images/songs/O4-2.jpg]
[inuyasha.yoll.net/images/songs/O4-3.jpg]
[inuyasha.yoll.net/images/songs/O4-5.jpg]
[inuyasha.yoll.net/images/songs/O4-4.jpg]
[inuyasha.yoll.net/images/songs/O4-6.jpg]
[inuyasha.yoll.net/images/songs/O4-8.jpg]
[inuyasha.yoll.net/images/songs/O4-9.jpg]
[inuyasha.yoll.net/images/songs/O4-11.jpg]
[inuyasha.yoll.net/images/songs/O4-10.jpg]
[inuyasha.yoll.net/images/songs/O4-12.jpg]
[inuyasha.yoll.net/images/songs/O4-s3.jpg]
[inuyasha.yoll.net/images/songs/O4-s7.jpg]
[inuyasha.yoll.net/images/songs/O4-s1.jpg]
[inuyasha.yoll.net/images/songs/O4-s4.jpg]
[inuyasha.yoll.net/images/songs/O4-s5.jpg]
[inuyasha.yoll.net/images/songs/O4-s6.jpg]
[inuyasha.yoll.net/images/links/oneday.gif]
[inuyasha.yoll.net/images/songs/O4-s2.jpg]
[inuyasha.yoll.net/images/songs/O5-2.jpg]
[inuyasha.yoll.net/images/songs/O4-7.jpg]
[inuyasha.yoll.net/images/songs/O5-1.jpg]
[inuyasha.yoll.net/images/songs/O5-4.jpg]
[inuyasha.yoll.net/images/songs/O5-5.gif]
[inuyasha.yoll.net/images/songs/O5-13.jpg]
[inuyasha.yoll.net/images/songs/O5-6.jpg]
[inuyasha.yoll.net/images/songs/O5-7.jpg]
[inuyasha.yoll.net/images/songs/O5-3.gif]
[inuyasha.yoll.net/images/songs/O5-8.jpg]
[inuyasha.yoll.net/images/songs/O5-9.jpg]
[inuyasha.yoll.net/images/songs/O5-10.jpg]
[inuyasha.yoll.net/images/songs/O5-11.jpg]
[inuyasha.yoll.net/images/songs/O5-12.jpg]
[inuyasha.yoll.net/images/songs/O6-1.jpg]
[inuyasha.yoll.net/images/songs/O6-8.jpg]
[inuyasha.yoll.net/images/songs/O6-2.jpg]
[inuyasha.yoll.net/images/songs/O6-3.jpg]
[inuyasha.yoll.net/images/songs/O6-4.jpg]
[inuyasha.yoll.net/images/songs/O6-5.jpg]
[inuyasha.yoll.net/images/songs/O6-6.jpg]
[inuyasha.yoll.net/images/songs/O6-7.jpg]
[inuyasha.yoll.net/images/songs/O6-9.jpg]
[inuyasha.yoll.net/images/songs/E1-1.gif]
[inuyasha.yoll.net/images/songs/E1-6.gif]
[inuyasha.yoll.net/images/songs/E1-2.gif]
[inuyasha.yoll.net/images/songs/E1-3.gif]
[inuyasha.yoll.net/images/songs/E1-4.jpg]
[inuyasha.yoll.net/images/songs/E1-5.gif]
[inuyasha.yoll.net/images/songs/E2-1.jpg]
[inuyasha.yoll.net/images/songs/E2-6.gif]
[inuyasha.yoll.net/images/songs/E2-2.jpg]
[inuyasha.yoll.net/images/songs/E2-3.jpg]
[inuyasha.yoll.net/images/songs/E2-5.jpg]
[inuyasha.yoll.net/images/songs/E2-4.jpg]
[inuyasha.yoll.net/images/songs/E3-7.jpg]
[inuyasha.yoll.net/images/songs/E3-2.jpg]
[inuyasha.yoll.net/images/songs/E3-3.jpg]
[inuyasha.yoll.net/images/songs/E3-1.gif]
[inuyasha.yoll.net/images/songs/E3-4.jpg]
[inuyasha.yoll.net/images/songs/E3-5.jpg]
[inuyasha.yoll.net/images/songs/E3-6.jpg]
[inuyasha.yoll.net/images/songs/E4.jpg]
[inuyasha.yoll.net/images/songs/E4-1.jpg]
[inuyasha.yoll.net/images/songs/E4-2.gif]
[inuyasha.yoll.net/images/songs/E4-3.jpg]
[inuyasha.yoll.net/images/songs/E4-8.jpg]
[inuyasha.yoll.net/images/songs/E4-4.jpg]
[inuyasha.yoll.net/images/songs/E4-5.jpg]
[inuyasha.yoll.net/images/songs/E4-6.gif]
[inuyasha.yoll.net/images/songs/E4-9.jpg]
[inuyasha.yoll.net/images/songs/E5-1.jpg]
[inuyasha.yoll.net/images/songs/E5-8.jpg]
[inuyasha.yoll.net/images/songs/E5-2.jpg]
[inuyasha.yoll.net/images/songs/E5-3.jpg]
[inuyasha.yoll.net/images/songs/E5-4.jpg]
[inuyasha.yoll.net/images/links/guide.gif]
[inuyasha.yoll.net/images/songs/E5-5.jpg]
[inuyasha.yoll.net/images/songs/E5-7.jpg]
[inuyasha.yoll.net/images/songs/E6-1.gif]
[inuyasha.yoll.net/images/songs/E6-8.jpg]
[inuyasha.yoll.net/images/songs/E6-2.jpg]
[inuyasha.yoll.net/images/songs/E6-4.jpg]
[inuyasha.yoll.net/images/songs/E6-5.jpg]
[inuyasha.yoll.net/images/songs/E6-3.jpg]
[inuyasha.yoll.net/images/songs/E6-6.jpg]
[inuyasha.yoll.net/images/songs/E6-7-1.jpg]
[inuyasha.yoll.net/images/songs/E6-7.jpg]
[inuyasha.yoll.net/images/songs/E7-1.jpg]
[inuyasha.yoll.net/images/songs/E7-7.jpg]
[inuyasha.yoll.net/images/songs/E7-2.jpg]
[inuyasha.yoll.net/images/songs/E7-3.jpg]
[inuyasha.yoll.net/images/songs/E7-4.jpg]
[inuyasha.yoll.net/images/songs/E7-5.jpg]
[inuyasha.yoll.net/images/songs/E7-6.jpg]
[inuyasha.yoll.net/images/songs/E8-5.jpg]
[inuyasha.yoll.net/images/songs/E8-6.jpg]
[inuyasha.yoll.net/images/songs/E8-1.jpg]
[inuyasha.yoll.net/images/songs/E8-2.jpg]
[inuyasha.yoll.net/images/songs/E8-3.jpg]
[inuyasha.yoll.net/images/songs/E8-7.jpg]
[inuyasha.yoll.net/images/songs/124-1.jpg]
[inuyasha.yoll.net/images/songs/124-2.jpg]
[inuyasha.yoll.net/images/xtra/san3s.gif]
[inuyasha.yoll.net/images/shichi/jks/card1s.jpg]
[inuyasha.yoll.net/scripts/pics/betray2o1.jpg]
[inuyasha.yoll.net/images/char/asano.gif]
[inuyasha.yoll.net/images/links/Buyofan.jpg]
[inuyasha.yoll.net/images/char/chiyo.gif]
[inuyasha.yoll.net/images/char/invisible.gif]
[inuyasha.yoll.net/images/char/foxes.jpg]
[inuyasha.yoll.net/images/char/moryo.gif]
[inuyasha.yoll.net/images/char/goldfish.jpg]
[inuyasha.yoll.net/images/char/gaku.gif]
[inuyasha.yoll.net/images/char/hijiri.gif]
[inuyasha.yoll.net/images/char/hiyo.jpg]
[inuyasha.yoll.net/images/links/fankir.gif]
[inuyasha.yoll.net/images/char/kasumi.gif]
[inuyasha.yoll.net/images/char/kisuke.gif]
[inuyasha.yoll.net/images/char/kochou.gif]
[inuyasha.yoll.net/images/char/mayu.jpg]
[inuyasha.yoll.net/images/char/mimisenri.gif]
[inuyasha.yoll.net/images/char/mizuki.gif]
[inuyasha.yoll.net/images/char/kuroro.gif]
[inuyasha.yoll.net/images/char/momiji.gif]
[inuyasha.yoll.net/images/char/mrsike.jpg]
[inuyasha.yoll.net/images/char/monkeygod.gif]
[inuyasha.yoll.net/images/links/fanhirai.gif]
[inuyasha.yoll.net/images/char/satoru.jpg]
[inuyasha.yoll.net/images/char/satbro.gif]
[inuyasha.yoll.net/images/char/sayo.gif]
[inuyasha.yoll.net/images/char/shako.gif]
[inuyasha.yoll.net/images/char/serina.gif]
[inuyasha.yoll.net/images/char/shinosuke.gif]
[inuyasha.yoll.net/images/char/shintarou.gif]
[inuyasha.yoll.net/images/char/shokichi.jpg]
[inuyasha.yoll.net/images/char/shousuke.gif]
[inuyasha.yoll.net/images/char/suekichi.jpg]
[inuyasha.yoll.net/images/char/suzuna.gif]
[inuyasha.yoll.net/images/char/kashi.gif]
[inuyasha.yoll.net/images/char/taromaru.jpg]
[inuyasha.yoll.net/images/char/tokatea.gif]
[inuyasha.yoll.net/images/char/torako.gif]
[inuyasha.yoll.net/images/char/tsukoyo.gif]
[inuyasha.yoll.net/images/char/ungai.gif]
[inuyasha.yoll.net/images/char/wakana.gif]
[inuyasha.yoll.net/images/char/elder.gif]
[inuyasha.yoll.net/images/char/yuki.jpg]
[inuyasha.yoll.net/images/char/yukichi.gif]
[inuyasha.yoll.net/images/char/yuuta.gif]
[inuyasha.yoll.net/images/char/akago.gif]
[inuyasha.yoll.net/images/char/noh.jpg]
[inuyasha.yoll.net/images/char/berdemon.gif]
[inuyasha.yoll.net/images/char/bear.jpg]
[inuyasha.yoll.net/images/char/ape.gif]
[inuyasha.yoll.net/images/char/realwg.jpg]
[inuyasha.yoll.net/images/char/centi.jpg]
[inuyasha.yoll.net/images/char/byakko.gif]
[inuyasha.yoll.net/images/char/clay.gif]
[inuyasha.yoll.net/images/char/corpse.jpg]
[inuyasha.yoll.net/images/char/coyote.jpg]
[inuyasha.yoll.net/images/char/demonwc.jpg]
[inuyasha.yoll.net/images/char/entei.gif]
[inuyasha.yoll.net/images/char/eyemon.gif]
[inuyasha.yoll.net/images/char/genbu.gif]
[inuyasha.yoll.net/images/char/juromaru.jpg]
[inuyasha.yoll.net/images/char/hakudoshi.gif]
[inuyasha.yoll.net/images/char/kageromaru.jpg]
[inuyasha.yoll.net/images/char/kawara.gif]
[inuyasha.yoll.net/images/char/dried2.gif]
[inuyasha.yoll.net/images/char/liz.gif]
[inuyasha.yoll.net/images/char/mantism.jpg]
[inuyasha.yoll.net/images/char/goryo.gif]
[inuyasha.yoll.net/images/char/nanafushi.gif]
[inuyasha.yoll.net/images/char/ongokuki.gif]
[inuyasha.yoll.net/images/char/prayman.jpg]
[inuyasha.yoll.net/images/char/pupa.jpg]
[inuyasha.yoll.net/images/char/salamander.gif]
[inuyasha.yoll.net/images/char/seiri.gif]
[inuyasha.yoll.net/images/char/paper.jpg]
[inuyasha.yoll.net/images/char/dried1.gif]
[inuyasha.yoll.net/images/char/snowd.gif]
[inuyasha.yoll.net/images/char/sealer.gif]
[inuyasha.yoll.net/images/char/rengokuki.gif]
[inuyasha.yoll.net/images/char/leopard.gif]
[inuyasha.yoll.net/images/char/spider.jpg]
[inuyasha.yoll.net/images/char/suzaku.gif]
[inuyasha.yoll.net/images/char/toad.jpg]
[inuyasha.yoll.net/images/char/tessu.gif]
[inuyasha.yoll.net/images/char/unmother.jpg]
[inuyasha.yoll.net/images/char/weasel.gif]
[inuyasha.yoll.net/images/char/dried4.gif]
[inuyasha.yoll.net/100/codes/buttonk.gif]
[inuyasha.yoll.net/100/codes/buttonm.gif]
[www.google.com/logos/Logo_25wht.gif]
[inuyasha.yoll.net/100/codes/buttonsh.gif]
[inuyasha.yoll.net/100/codes/buttons.gif]
[inuyasha.yoll.net/100/codes/buttoni.jpg]
[inuyasha.yoll.net/images/shichi/images/menu_sks_r.gif]
[inuyasha.yoll.net/images/shichi/images/menu_kks_r.gif]
[inuyasha.yoll.net/images/shichi/images/menu_jks_r.gif]
[inuyasha.yoll.net/images/shichi/images/menu_mks_r.gif]
[inuyasha.yoll.net/images/shichi/images/menu_rks_r.gif]
[inuyasha.yoll.net/images/shichi/images/menu_gks_r.gif]
[inuyasha.yoll.net/images/shichi/images/menu_bks_r.gif]
[inuyasha.yoll.net/images/shichi/bks.htm]
[inuyasha.yoll.net/images/shichi/images/inuyoll_r.gif]
[inuyasha.yoll.net/images/shichi/images/menu_shin_r.gif]
[inuyasha.yoll.net/images/shichi/images/menu_shin.gif]
[inuyasha.yoll.net/images/shichi/images/menu_kks.gif]
[inuyasha.yoll.net/images/shichi/images/menu_jks.gif]
[inuyasha.yoll.net/images/shichi/images/menu_mks.gif]
[inuyasha.yoll.net/images/shichi/images/menu_rks.gif]
[inuyasha.yoll.net/images/shichi/images/menu_gks.gif]
[inuyasha.yoll.net/images/shichi/images/menu_sks.gif]
[inuyasha.yoll.net/images/shichi/images/menu_bks.gif]
[inuyasha.yoll.net/images/shichi/images/inuyoll.gif]
[inuyasha.yoll.net/100/images/screen10s.jpg]
[inuyasha.yoll.net/100/images/screen10.jpg]
[inuyasha.yoll.net/100/images/screen08s.jpg]
[inuyasha.yoll.net/100/images/screen08.jpg]
[inuyasha.yoll.net/100/images/san.gif]
[inuyasha.yoll.net/100/images/screen12s.jpg]
[inuyasha.yoll.net/100/images/screen12.jpg]
[inuyasha.yoll.net/100/images/screen07s.jpg]
[inuyasha.yoll.net/100/images/screen07.jpg]
[inuyasha.yoll.net/100/images/mir.gif]
[inuyasha.yoll.net/100/images/screen06.jpg]
[inuyasha.yoll.net/100/images/screen06s.jpg]
[inuyasha.yoll.net/100/images/screen05.jpg]
[inuyasha.yoll.net/100/images/shi.gif]
[inuyasha.yoll.net/100/images/screen04.jpg]
[inuyasha.yoll.net/100/images/screen04s.jpg]
[inuyasha.yoll.net/100/images/screen03s.jpg]
[inuyasha.yoll.net/100/images/screen05s.jpg]
[inuyasha.yoll.net/100/images/screen03.jpg]
[inuyasha.yoll.net/100/images/screen19s.jpg]
[inuyasha.yoll.net/100/images/kag.gif]
[inuyasha.yoll.net/100/images/screen19.jpg]
[inuyasha.yoll.net/100/images/screen02.jpg]
[inuyasha.yoll.net/100/images/screen02s.jpg]
[inuyasha.yoll.net/100/images/screen01s.jpg]
[inuyasha.yoll.net/100/images/inu.gif]
[inuyasha.yoll.net/100/images/screen01.jpg]
[inuyasha.yoll.net/100/images/screen14s.jpg]
[inuyasha.yoll.net/100/images/screen14.jpg]
[inuyasha.yoll.net/100/images/screen15s.jpg]
[inuyasha.yoll.net/100/images/screen15.jpg]
[inuyasha.yoll.net/100/images/screen16s.jpg]
[inuyasha.yoll.net/100/images/screen16.jpg]
[inuyasha.yoll.net/100/images/screen17.jpg]
[inuyasha.yoll.net/100/images/screen17s.jpg]
[inuyasha.yoll.net/100/images/screen11s.jpg]
[inuyasha.yoll.net/100/images/screen11.jpg]
[inuyasha.yoll.net/100/images/screen09s.jpg]
[inuyasha.yoll.net/100/images/screen09.jpg]
[inuyasha.yoll.net/100/images/screen20s.jpg]
[inuyasha.yoll.net/100/images/screen18s.jpg]
[inuyasha.yoll.net/images/shichi/bks/title.gif]
[inuyasha.yoll.net/images/shichi/images/jewel.gif]
[inuyasha.yoll.net/images/shichi/images/weapon.gif]
[inuyasha.yoll.net/images/shichi/images/moments.gif]
[inuyasha.yoll.net/images/shichi/images/fights.gif]
[inuyasha.yoll.net/images/shichi/images/images.gif]
[inuyasha.yoll.net/images/shichi/gks/title.gif]
[inuyasha.yoll.net/images/shichi/jks/title.gif]
[inuyasha.yoll.net/images/shichi/gks/ginkotsu.gif]
[inuyasha.yoll.net/images/shichi/bks/bankotsu.gif]
[inuyasha.yoll.net/images/shichi/jks/jakotsu.jpg]
[inuyasha.yoll.net/images/shichi/kks/title.gif]
[inuyasha.yoll.net/images/shichi/kks/kyokotsu.jpg]
[inuyasha.yoll.net/images/shichi/mks/mukotsu.gif]
[inuyasha.yoll.net/images/shichi/mks/title.gif]
[inuyasha.yoll.net/images/shichi/rks/title.gif]
[inuyasha.yoll.net/images/shichi/rks/renkotsu.gif]
[inuyasha.yoll.net/images/shichi/shin/shintitle.gif]
[inuyasha.yoll.net/images/shichi/shin/shin1.jpg]
[inuyasha.yoll.net/images/shichi/shin/shin3.jpg]
[inuyasha.yoll.net/images/shichi/shin/behead.jpg]
[inuyasha.yoll.net/images/shichi/shin/grave.jpg]
[inuyasha.yoll.net/images/shichi/shin/b_naraku.jpg]
[inuyasha.yoll.net/images/shichi/bks/weapon.htm]
[inuyasha.yoll.net/images/shichi/shin/shincom1.jpg]
[inuyasha.yoll.net/images/shichi/shin/shincom2.jpg]
[inuyasha.yoll.net/images/shichi/shin/shincom3.jpg]
[inuyasha.yoll.net/images/shichi/shin/card4s.jpg]
[inuyasha.yoll.net/images/shichi/shin/card4.jpg]
[inuyasha.yoll.net/images/shichi/bks/moments.htm]
[inuyasha.yoll.net/images/shichi/shin/card2.jpg]
[inuyasha.yoll.net/images/shichi/shin/card2s.jpg]
[inuyasha.yoll.net/images/shichi/sks/title.gif]
[inuyasha.yoll.net/images/shichi/bks/fights.htm]
[inuyasha.yoll.net/images/shichi/sks/suikotsu.gif]
[inuyasha.yoll.net/images/shichi/bks/name.gif]
[inuyasha.yoll.net/images/shichi/images/arrow.gif]
[inuyasha.yoll.net/images/shichi/bks/shikon.jpg]
[inuyasha.yoll.net/images/shichi/bks/weapon.gif]
[inuyasha.yoll.net/images/shichi/bks/attack.jpg]
[inuyasha.yoll.net/images/shichi/bks/grave.jpg]
[inuyasha.yoll.net/images/shichi/bks/kikyo.jpg]
[inuyasha.yoll.net/images/shichi/bks/tear.jpg]
[inuyasha.yoll.net/images/shichi/bks/difference.jpg]
[inuyasha.yoll.net/images/shichi/bks/style.jpg]
[inuyasha.yoll.net/images/shichi/bks/die3.jpg]
[inuyasha.yoll.net/images/shichi/bks/fight1.jpg]
[inuyasha.yoll.net/images/shichi/bks/fight2.jpg]
[inuyasha.yoll.net/images/shichi/bks/card.htm]
[inuyasha.yoll.net/images/shichi/bks/fight3.jpg]
[inuyasha.yoll.net/images/shichi/bks/die1.jpg]
[inuyasha.yoll.net/images/shichi/bks/die2.jpg]
[inuyasha.yoll.net/images/shichi/bks/card1.jpg]
[inuyasha.yoll.net/images/shichi/bks/card1s.jpg]
[inuyasha.yoll.net/images/shichi/gks/jewel.htm]
[inuyasha.yoll.net/images/shichi/bks/card2.jpg]
[inuyasha.yoll.net/images/shichi/bks/card2s.jpg]
[inuyasha.yoll.net/images/shichi/bks/card6.jpg]
[inuyasha.yoll.net/images/shichi/jks/jewel.htm]
[inuyasha.yoll.net/images/shichi/bks/card6s.jpg]
[inuyasha.yoll.net/images/shichi/bks/card3s.jpg]
[inuyasha.yoll.net/images/shichi/bks/card3.jpg]
[inuyasha.yoll.net/images/shichi/kks/jewel.htm]
[inuyasha.yoll.net/images/shichi/bks/card4.jpg]
[inuyasha.yoll.net/images/shichi/gks/name.gif]
[inuyasha.yoll.net/images/shichi/mks/jewel.htm]
[inuyasha.yoll.net/images/shichi/bks/card4s.jpg]
[inuyasha.yoll.net/images/shichi/gks/I_front.jpg]
[inuyasha.yoll.net/images/shichi/gks/I_back.jpg]
[inuyasha.yoll.net/images/shichi/rks/jewel.htm]
[inuyasha.yoll.net/images/shichi/gks/body.jpg]
[inuyasha.yoll.net/images/shichi/gks/II.jpg]
[inuyasha.yoll.net/images/shichi/gks/renkotstu.jpg]
[inuyasha.yoll.net/images/shichi/gks/fight1.jpg]
[inuyasha.yoll.net/images/shichi/sks/jewel.htm]
[inuyasha.yoll.net/images/shichi/gks/fight2.jpg]
[inuyasha.yoll.net/images/shichi/gks/fight3.jpg]
[inuyasha.yoll.net/images/shichi/gks/die2.jpg]
[inuyasha.yoll.net/images/shichi/gks/die.jpg]
[inuyasha.yoll.net/images/shichi/gks/card1.jpg]
[inuyasha.yoll.net/images/shichi/gks/card1s.jpg]
[inuyasha.yoll.net/images/shichi/gks/card2.jpg]
[inuyasha.yoll.net/images/shichi/gks/card2s.jpg]
[inuyasha.yoll.net/images/shichi/gks/card3.jpg]
[inuyasha.yoll.net/images/shichi/gks/card3s.jpg]
[inuyasha.yoll.net/images/shichi/jks/name.gif]
[inuyasha.yoll.net/images/shichi/jks/shikon.jpg]
[inuyasha.yoll.net/images/shichi/jks/weapon.jpg]
[inuyasha.yoll.net/images/shichi/jks/inu.jpg]
[inuyasha.yoll.net/images/shichi/jks/inu2.jpg]
[inuyasha.yoll.net/images/shichi/jks/koga.jpg]
[inuyasha.yoll.net/images/shichi/jks/hairpin.jpg]
[inuyasha.yoll.net/images/shichi/jks/fight1.jpg]
[inuyasha.yoll.net/images/shichi/jks/fight2.jpg]
[inuyasha.yoll.net/images/shichi/jks/fight3.jpg]
[inuyasha.yoll.net/images/shichi/jks/fight4.jpg]
[inuyasha.yoll.net/images/shichi/jks/fight5.jpg]
[inuyasha.yoll.net/images/shichi/jks/fight6.jpg]
[inuyasha.yoll.net/images/shichi/jks/fight7.jpg]
[inuyasha.yoll.net/images/shichi/jks/fight8.jpg]
[inuyasha.yoll.net/images/shichi/jks/fightdie.jpg]
[inuyasha.yoll.net/images/shichi/jks/die.jpg]
[inuyasha.yoll.net/images/shichi/jks/card1.jpg]
[inuyasha.yoll.net/images/shichi/jks/card2.jpg]
[inuyasha.yoll.net/images/shichi/jks/card2s.jpg]
[inuyasha.yoll.net/images/shichi/jks/card3.jpg]
[inuyasha.yoll.net/images/shichi/jks/card3s.jpg]
[inuyasha.yoll.net/images/shichi/jks/card4.jpg]
[inuyasha.yoll.net/images/shichi/jks/card4s.gif]
[inuyasha.yoll.net/images/shichi/jks/card6.jpg]
[inuyasha.yoll.net/images/shichi/jks/card6s.jpg]
[inuyasha.yoll.net/images/shichi/jks/card5.jpg]
[inuyasha.yoll.net/images/shichi/jks/card5s.jpg]
[inuyasha.yoll.net/images/shichi/kks/name.gif]
[inuyasha.yoll.net/images/shichi/kks/shikon.jpg]
[inuyasha.yoll.net/images/shichi/kks/weapon.jpg]
[inuyasha.yoll.net/images/shichi/kks/fight.jpg]
[inuyasha.yoll.net/images/shichi/kks/die.jpg]
[inuyasha.yoll.net/images/shichi/kks/card1.jpg]
[inuyasha.yoll.net/images/shichi/kks/card1s.jpg]
[inuyasha.yoll.net/images/shichi/kks/card2.jpg]
[inuyasha.yoll.net/images/shichi/kks/card2s.jpg]
[inuyasha.yoll.net/images/shichi/mks/name.gif]
[inuyasha.yoll.net/images/shichi/mks/shikon.jpg]
[inuyasha.yoll.net/images/shichi/mks/weapon.jpg]
[inuyasha.yoll.net/images/shichi/mks/shuugen.jpg]
[inuyasha.yoll.net/images/shichi/mks/fight.jpg]
[inuyasha.yoll.net/images/shichi/mks/card2s.jpg]
[inuyasha.yoll.net/images/shichi/mks/card2.jpg]
[inuyasha.yoll.net/images/shichi/mks/card3.jpg]
[inuyasha.yoll.net/images/shichi/mks/card3s.jpg]
[inuyasha.yoll.net/images/shichi/mks/die.jpg]
[inuyasha.yoll.net/images/shichi/mks/card1s.gif]
[inuyasha.yoll.net/images/shichi/rks/name.gif]
[inuyasha.yoll.net/images/shichi/mks/card1.jpg]
[inuyasha.yoll.net/images/shichi/rks/weapon1.jpg]
[inuyasha.yoll.net/images/shichi/rks/shikon.jpg]
[inuyasha.yoll.net/images/shichi/rks/weapon2.jpg]
[inuyasha.yoll.net/images/shichi/rks/studio.jpg]
[inuyasha.yoll.net/images/shichi/rks/weapon3.jpg]
[inuyasha.yoll.net/images/shichi/rks/weapon4.jpg]
[inuyasha.yoll.net/images/shichi/rks/weapon5.jpg]
[inuyasha.yoll.net/images/shichi/rks/weapon6.jpg]
[inuyasha.yoll.net/images/shichi/rks/ginkotsu.jpg]
[inuyasha.yoll.net/images/shichi/rks/fight1.jpg]
[inuyasha.yoll.net/images/shichi/rks/fight3.jpg]
[inuyasha.yoll.net/images/shichi/rks/fight4.jpg]
[inuyasha.yoll.net/images/shichi/rks/fight5.jpg]
[inuyasha.yoll.net/images/shichi/rks/fight6.jpg]
[inuyasha.yoll.net/images/shichi/rks/fight7.jpg]
[inuyasha.yoll.net/images/shichi/rks/die.jpg]
[inuyasha.yoll.net/images/shichi/rks/fight2.jpg]
[inuyasha.yoll.net/images/shichi/rks/card1.jpg]
[inuyasha.yoll.net/images/shichi/rks/card1s.jpg]
[inuyasha.yoll.net/images/shichi/rks/card2.jpg]
[inuyasha.yoll.net/images/shichi/rks/card2s.jpg]
[inuyasha.yoll.net/images/shichi/rks/card3.jpg]
[inuyasha.yoll.net/images/shichi/rks/card3s.jpg]
[inuyasha.yoll.net/images/shichi/sks/name.gif]
[inuyasha.yoll.net/images/shichi/sks/shikon.jpg]
[inuyasha.yoll.net/images/shichi/sks/weapon.jpg]
[inuyasha.yoll.net/images/shichi/sks/hands.gif]
[inuyasha.yoll.net/images/shichi/sks/awaken.jpg]
[inuyasha.yoll.net/images/shichi/sks/memory.gif]
[inuyasha.yoll.net/images/shichi/sks/kikyo.jpg]
[inuyasha.yoll.net/images/shichi/sks/fight2.jpg]
[inuyasha.yoll.net/images/shichi/sks/fight1.jpg]
[inuyasha.yoll.net/images/shichi/sks/fight4.jpg]
[inuyasha.yoll.net/images/shichi/sks/fight5.jpg]
[inuyasha.yoll.net/images/shichi/sks/die.jpg]
[inuyasha.yoll.net/images/shichi/sks/s1.jpg]
[inuyasha.yoll.net/images/shichi/sks/s1s.jpg]
[inuyasha.yoll.net/images/shichi/sks/fight3.jpg]
[inuyasha.yoll.net/images/shichi/sks/s2s.jpg]
[inuyasha.yoll.net/images/shichi/sks/s2.jpg]
[inuyasha.yoll.net/images/shichi/sks/s3s.jpg]
[inuyasha.yoll.net/images/shichi/sks/s3.jpg]
[inuyasha.yoll.net/images/back.gif]
[inuyasha.yoll.net/scripts/arrows.gif]
