[backblue.gif]
[fade.gif]
[index.html]
[www.wot-club.org.uk/trans/full_text/index.html]
[www.wot-club.org.uk/icons/blank.gif]
[www.wot-club.org.uk/trans/full_text/index79c2.html]
[www.wot-club.org.uk/trans/full_text/indexcaa7.html]
[www.wot-club.org.uk/trans/full_text/index864c.html]
[www.wot-club.org.uk/trans/full_text/index16c1.html]
[www.wot-club.org.uk/icons/folder.gif]
[www.wot-club.org.uk/icons/back.gif]
[www.wot-club.org.uk/trans/full_text/iv01/index.html]
[www.wot-club.org.uk/trans/full_text/iv02/index.html]
[www.wot-club.org.uk/trans/full_text/iv03/index.html]
[www.wot-club.org.uk/trans/full_text/iv04/index.html]
[www.wot-club.org.uk/trans/full_text/iv05/index.html]
[www.wot-club.org.uk/trans/full_text/iv06/index.html]
[www.wot-club.org.uk/trans/full_text/iv07/index.html]
[www.wot-club.org.uk/trans/full_text/iv08/index.html]
[www.wot-club.org.uk/trans/full_text/iv09/index.html]
[www.wot-club.org.uk/trans/full_text/iv10/index.html]
[www.wot-club.org.uk/trans/full_text/iv11/index.html]
[www.wot-club.org.uk/trans/full_text/iv12/index.html]
[www.wot-club.org.uk/trans/full_text/iv13/index.html]
[www.wot-club.org.uk/trans/full_text/iv14/index.html]
[www.wot-club.org.uk/trans/full_text/iv15/index.html]
[www.wot-club.org.uk/trans/full_text/iv16/index.html]
[www.wot-club.org.uk/trans/full_text/iv17/index.html]
[www.wot-club.org.uk/trans/full_text/iv18/index.html]
[www.wot-club.org.uk/trans/full_text/iv19/index.html]
[www.wot-club.org.uk/trans/full_text/iv20/index.html]
[www.wot-club.org.uk/trans/full_text/iv21/index.html]
[www.wot-club.org.uk/trans/full_text/iv22/index.html]
[www.wot-club.org.uk/trans/full_text/iv23/index.html]
[www.wot-club.org.uk/trans/full_text/iv24/index.html]
[www.wot-club.org.uk/trans/full_text/iv25/index.html]
[www.wot-club.org.uk/trans/full_text/iv26/index.html]
[www.wot-club.org.uk/trans/full_text/iv27/index.html]
[www.wot-club.org.uk/trans/full_text/iv28/index.html]
[www.wot-club.org.uk/trans/full_text/iv29/index.html]
[www.wot-club.org.uk/trans/full_text/iv30/index.html]
[www.wot-club.org.uk/trans/full_text/iv31/index.html]
[www.wot-club.org.uk/trans/full_text/iv32/index.html]
[www.wot-club.org.uk/trans/full_text/iv33/index.html]
[www.wot-club.org.uk/trans/full_text/iv34/index.html]
[www.wot-club.org.uk/trans/full_text/iv35/index.html]
[www.wot-club.org.uk/trans/full_text/iv36/index.html]
[www.wot-club.org.uk/trans/full_text/iv37/index.html]
[www.wot-club.org.uk/trans/full_text/iv38/index.html]
[www.wot-club.org.uk/trans/full_text/iv39/index.html]
[www.wot-club.org.uk/trans/full_text/iv40/index.html]
[www.wot-club.org.uk/trans/full_text/iv41/index.html]
[www.wot-club.org.uk/icons/text.gif]
[www.wot-club.org.uk/trans/full_text/iv42/index.html]
[www.wot-club.org.uk/trans/full_text/iv01/v01p01.txt]
[www.wot-club.org.uk/trans/full_text/iv43/index.html]
[www.wot-club.org.uk/trans/full_text/iv01/v01p02.txt]
[www.wot-club.org.uk/trans/full_text/iv01/v01p03.txt]
[www.wot-club.org.uk/trans/full_text/iv01/v01p04.txt]
[www.wot-club.org.uk/trans/full_text/iv44/index.html]
[www.wot-club.org.uk/trans/full_text/iv01/v01p05.txt]
[www.wot-club.org.uk/trans/full_text/rv38/index.html]
[www.wot-club.org.uk/trans/full_text/index2846.html]
[www.wot-club.org.uk/trans/full_text/iv01/v01p06.txt]
[www.wot-club.org.uk/trans/full_text/index5272.html]
[www.wot-club.org.uk/trans/full_text/iv01/v01p07.txt]
[www.wot-club.org.uk/trans/full_text/iv01/v01p08.txt]
[www.wot-club.org.uk/trans/full_text/indexb3a7.html]
[www.wot-club.org.uk/trans/full_text/index7e6f.html]
[www.wot-club.org.uk/trans/full_text/iv01/index79c2.html]
[www.wot-club.org.uk/trans/full_text/iv01/indexcaa7.html]
[www.wot-club.org.uk/trans/full_text/iv01/index864c.html]
[www.wot-club.org.uk/trans/full_text/iv02/v02p01.txt]
[www.wot-club.org.uk/trans/full_text/iv01/index16c1.html]
[www.wot-club.org.uk/trans/full_text/iv02/index79c2.html]
[www.wot-club.org.uk/trans/full_text/iv02/indexcaa7.html]
[www.wot-club.org.uk/trans/full_text/iv02/v02p02.txt]
[www.wot-club.org.uk/trans/full_text/iv02/v02p03.txt]
[www.wot-club.org.uk/trans/full_text/iv02/v02p04.txt]
[www.wot-club.org.uk/trans/full_text/iv02/index864c.html]
[www.wot-club.org.uk/trans/full_text/iv02/index16c1.html]
[www.wot-club.org.uk/trans/full_text/iv02/v02p05.txt]
[www.wot-club.org.uk/trans/full_text/iv02/v02p06.txt]
[www.wot-club.org.uk/trans/full_text/iv02/v02p07.txt]
[www.wot-club.org.uk/trans/full_text/iv02/v02p08.txt]
[www.wot-club.org.uk/trans/full_text/iv02/v02p09.txt]
[www.wot-club.org.uk/trans/full_text/iv02/v02p10.txt]
[www.wot-club.org.uk/trans/full_text/iv03/index79c2.html]
[www.wot-club.org.uk/trans/full_text/iv03/v03p01.txt]
[www.wot-club.org.uk/trans/full_text/iv03/v03p01_ad.txt]
[www.wot-club.org.uk/trans/full_text/iv03/indexcaa7.html]
[www.wot-club.org.uk/trans/full_text/iv03/index864c.html]
[www.wot-club.org.uk/trans/full_text/iv03/v03p02.txt]
[www.wot-club.org.uk/trans/full_text/iv03/v03p03.txt]
[www.wot-club.org.uk/trans/full_text/iv03/index16c1.html]
[www.wot-club.org.uk/trans/full_text/iv03/v03p04.txt]
[www.wot-club.org.uk/trans/full_text/iv03/v03p06.txt]
[www.wot-club.org.uk/trans/full_text/iv03/v03p05.txt]
[www.wot-club.org.uk/trans/full_text/iv03/v03p07.txt]
[www.wot-club.org.uk/trans/full_text/iv03/v03p08.txt]
[www.wot-club.org.uk/trans/full_text/iv03/v03p09.txt]
[www.wot-club.org.uk/trans/full_text/iv03/v03p10.txt]
[www.wot-club.org.uk/trans/full_text/iv04/v04p01.txt]
[www.wot-club.org.uk/trans/full_text/iv04/v04p02.txt]
[www.wot-club.org.uk/trans/full_text/iv04/v04p03.txt]
[www.wot-club.org.uk/trans/full_text/iv04/index79c2.html]
[www.wot-club.org.uk/trans/full_text/iv04/v04p04.txt]
[www.wot-club.org.uk/trans/full_text/iv04/indexcaa7.html]
[www.wot-club.org.uk/trans/full_text/iv04/index864c.html]
[www.wot-club.org.uk/trans/full_text/iv04/index16c1.html]
[www.wot-club.org.uk/trans/full_text/iv04/v04p05.txt]
[www.wot-club.org.uk/trans/full_text/iv04/v04p06.txt]
[www.wot-club.org.uk/trans/full_text/iv04/v04p07.txt]
[www.wot-club.org.uk/trans/full_text/iv04/v04p08.txt]
[www.wot-club.org.uk/trans/full_text/iv04/v04p09.txt]
[www.wot-club.org.uk/trans/full_text/iv04/v04p10.txt]
[www.wot-club.org.uk/trans/full_text/iv05/index79c2.html]
[www.wot-club.org.uk/trans/full_text/iv05/v05p01.txt]
[www.wot-club.org.uk/trans/full_text/iv05/v05p02.txt]
[www.wot-club.org.uk/trans/full_text/iv05/indexcaa7.html]
[www.wot-club.org.uk/trans/full_text/iv05/index864c.html]
[www.wot-club.org.uk/trans/full_text/iv05/v05p03.txt]
[www.wot-club.org.uk/trans/full_text/iv05/v05p04.txt]
[www.wot-club.org.uk/trans/full_text/iv05/index16c1.html]
[www.wot-club.org.uk/trans/full_text/iv05/v05p05.txt]
[www.wot-club.org.uk/trans/full_text/iv05/v05p06.txt]
[www.wot-club.org.uk/trans/full_text/iv05/v05p07.txt]
[www.wot-club.org.uk/trans/full_text/iv05/v05p08.txt]
[www.wot-club.org.uk/trans/full_text/iv05/v05p09.txt]
[www.wot-club.org.uk/trans/full_text/iv05/v05p10.txt]
[www.wot-club.org.uk/trans/full_text/iv06/v06p01.txt]
[www.wot-club.org.uk/trans/full_text/iv06/index79c2.html]
[www.wot-club.org.uk/trans/full_text/iv06/indexcaa7.html]
[www.wot-club.org.uk/trans/full_text/iv06/v06p02.txt]
[www.wot-club.org.uk/trans/full_text/iv06/index864c.html]
[www.wot-club.org.uk/trans/full_text/iv06/v06p03.txt]
[www.wot-club.org.uk/trans/full_text/iv06/index16c1.html]
[www.wot-club.org.uk/trans/full_text/iv06/v06p04.txt]
[www.wot-club.org.uk/trans/full_text/iv06/v06p05.txt]
[www.wot-club.org.uk/trans/full_text/iv06/v06p06.txt]
[www.wot-club.org.uk/trans/full_text/iv06/v06p07.txt]
[www.wot-club.org.uk/trans/full_text/iv06/v06p08.txt]
[www.wot-club.org.uk/trans/full_text/iv06/v06p09.txt]
[www.wot-club.org.uk/trans/full_text/iv06/v06p10.txt]
[www.wot-club.org.uk/trans/full_text/iv07/index79c2.html]
[www.wot-club.org.uk/trans/full_text/iv07/v07p01.txt]
[www.wot-club.org.uk/trans/full_text/iv07/indexcaa7.html]
[www.wot-club.org.uk/trans/full_text/iv07/v07p02.txt]
[www.wot-club.org.uk/trans/full_text/iv07/v07p04.txt]
[www.wot-club.org.uk/trans/full_text/iv07/v07p03.txt]
[www.wot-club.org.uk/trans/full_text/iv07/index864c.html]
[www.wot-club.org.uk/trans/full_text/iv07/v07p05.txt]
[www.wot-club.org.uk/trans/full_text/iv07/index16c1.html]
[www.wot-club.org.uk/trans/full_text/iv07/v07p06.txt]
[www.wot-club.org.uk/trans/full_text/iv07/v07p07.txt]
[www.wot-club.org.uk/trans/full_text/iv07/v07p08.txt]
[www.wot-club.org.uk/trans/full_text/iv07/v07p10.txt]
[www.wot-club.org.uk/trans/full_text/iv07/v07p09.txt]
[www.wot-club.org.uk/trans/full_text/iv08/v08p01.txt]
[www.wot-club.org.uk/trans/full_text/iv08/v08p02.txt]
[www.wot-club.org.uk/trans/full_text/iv08/index79c2.html]
[www.wot-club.org.uk/trans/full_text/iv08/indexcaa7.html]
[www.wot-club.org.uk/trans/full_text/iv08/v08p03.txt]
[www.wot-club.org.uk/trans/full_text/iv08/index864c.html]
[www.wot-club.org.uk/trans/full_text/iv08/v08p06.txt]
[www.wot-club.org.uk/trans/full_text/iv08/v08p04.txt]
[www.wot-club.org.uk/trans/full_text/iv08/v08p05.txt]
[www.wot-club.org.uk/trans/full_text/iv08/index16c1.html]
[www.wot-club.org.uk/trans/full_text/iv08/v08p07.txt]
[www.wot-club.org.uk/trans/full_text/iv08/v08p08.txt]
[www.wot-club.org.uk/trans/full_text/iv08/v08p09.txt]
[www.wot-club.org.uk/trans/full_text/iv08/v08p10.txt]
[www.wot-club.org.uk/trans/full_text/iv09/v09p01.txt]
[www.wot-club.org.uk/trans/full_text/iv09/v09p02.txt]
[www.wot-club.org.uk/trans/full_text/iv09/v09p03.txt]
[www.wot-club.org.uk/trans/full_text/iv09/index79c2.html]
[www.wot-club.org.uk/trans/full_text/iv09/v09p04.txt]
[www.wot-club.org.uk/trans/full_text/iv09/indexcaa7.html]
[www.wot-club.org.uk/trans/full_text/iv09/index864c.html]
[www.wot-club.org.uk/trans/full_text/iv09/v09p05.txt]
[www.wot-club.org.uk/trans/full_text/iv09/index16c1.html]
[www.wot-club.org.uk/trans/full_text/iv09/v09p06.txt]
[www.wot-club.org.uk/trans/full_text/iv09/v09p07.txt]
[www.wot-club.org.uk/trans/full_text/iv09/v09p08.txt]
[www.wot-club.org.uk/trans/full_text/iv09/v09p09.txt]
[www.wot-club.org.uk/trans/full_text/iv09/v09p10.txt]
[www.wot-club.org.uk/trans/full_text/iv10/index79c2.html]
[www.wot-club.org.uk/trans/full_text/iv10/v10p02.txt]
[www.wot-club.org.uk/trans/full_text/iv10/v10p01.txt]
[www.wot-club.org.uk/trans/full_text/iv10/indexcaa7.html]
[www.wot-club.org.uk/trans/full_text/iv10/index864c.html]
[www.wot-club.org.uk/trans/full_text/iv10/v10p03.txt]
[www.wot-club.org.uk/trans/full_text/iv10/index16c1.html]
[www.wot-club.org.uk/trans/full_text/iv10/v10p04.txt]
[www.wot-club.org.uk/trans/full_text/iv10/v10p05.txt]
[www.wot-club.org.uk/trans/full_text/iv10/v10p06.txt]
[www.wot-club.org.uk/trans/full_text/iv10/v10p07.txt]
[www.wot-club.org.uk/trans/full_text/iv10/v10p08.txt]
[www.wot-club.org.uk/trans/full_text/iv10/v10p09.txt]
[www.wot-club.org.uk/trans/full_text/iv10/v10p10.txt]
[www.wot-club.org.uk/trans/full_text/iv11/index79c2.html]
[www.wot-club.org.uk/trans/full_text/iv11/v11p01.txt]
[www.wot-club.org.uk/trans/full_text/iv11/indexcaa7.html]
[www.wot-club.org.uk/trans/full_text/iv11/v11p02.txt]
[www.wot-club.org.uk/trans/full_text/iv11/index864c.html]
[www.wot-club.org.uk/trans/full_text/iv11/v11p03.txt]
[www.wot-club.org.uk/trans/full_text/iv11/v11p04.txt]
[www.wot-club.org.uk/trans/full_text/iv11/index16c1.html]
[www.wot-club.org.uk/trans/full_text/iv11/v11p05.txt]
[www.wot-club.org.uk/trans/full_text/iv11/v11p06.txt]
[www.wot-club.org.uk/trans/full_text/iv11/v11p07.txt]
[www.wot-club.org.uk/trans/full_text/iv11/v11p08.txt]
[www.wot-club.org.uk/trans/full_text/iv11/v11p09.txt]
[www.wot-club.org.uk/trans/full_text/iv11/v11p10.txt]
[www.wot-club.org.uk/trans/full_text/iv12/index79c2.html]
[www.wot-club.org.uk/trans/full_text/iv12/indexcaa7.html]
[www.wot-club.org.uk/trans/full_text/iv12/v12p01.txt]
[www.wot-club.org.uk/trans/full_text/iv12/v12p02.txt]
[www.wot-club.org.uk/trans/full_text/iv12/v12p03.txt]
[www.wot-club.org.uk/trans/full_text/iv12/index864c.html]
[www.wot-club.org.uk/trans/full_text/iv12/index16c1.html]
[www.wot-club.org.uk/trans/full_text/iv12/v12p04.txt]
[www.wot-club.org.uk/trans/full_text/iv12/v12p06.txt]
[www.wot-club.org.uk/trans/full_text/iv12/v12p05.txt]
[www.wot-club.org.uk/trans/full_text/iv12/v12p07.txt]
[www.wot-club.org.uk/trans/full_text/iv12/v12p08.txt]
[www.wot-club.org.uk/trans/full_text/iv12/v12p09.txt]
[www.wot-club.org.uk/trans/full_text/iv12/v12p10.txt]
[www.wot-club.org.uk/trans/full_text/iv13/index79c2.html]
[www.wot-club.org.uk/trans/full_text/iv13/indexcaa7.html]
[www.wot-club.org.uk/trans/full_text/iv13/v13p01.txt]
[www.wot-club.org.uk/trans/full_text/iv13/v13p02.txt]
[www.wot-club.org.uk/trans/full_text/iv13/v13p03.txt]
[www.wot-club.org.uk/trans/full_text/iv13/v13p04.txt]
[www.wot-club.org.uk/trans/full_text/iv13/index864c.html]
[www.wot-club.org.uk/trans/full_text/iv13/index16c1.html]
[www.wot-club.org.uk/trans/full_text/iv13/v13p05.txt]
[www.wot-club.org.uk/trans/full_text/iv13/v13p06.txt]
[www.wot-club.org.uk/trans/full_text/iv13/v13p08.txt]
[www.wot-club.org.uk/trans/full_text/iv13/v13p07.txt]
[www.wot-club.org.uk/trans/full_text/iv13/v13p09.txt]
[www.wot-club.org.uk/trans/full_text/iv13/v13p10.txt]
[www.wot-club.org.uk/trans/full_text/iv14/index79c2.html]
[www.wot-club.org.uk/trans/full_text/iv14/indexcaa7.html]
[www.wot-club.org.uk/trans/full_text/iv14/index864c.html]
[www.wot-club.org.uk/trans/full_text/iv14/v14p01.txt]
[www.wot-club.org.uk/trans/full_text/iv14/v14p02.txt]
[www.wot-club.org.uk/trans/full_text/iv14/v14p03.txt]
[www.wot-club.org.uk/trans/full_text/iv14/v14p04.txt]
[www.wot-club.org.uk/trans/full_text/iv14/index16c1.html]
[www.wot-club.org.uk/trans/full_text/iv14/v14p06.txt]
[www.wot-club.org.uk/trans/full_text/iv14/v14p05.txt]
[www.wot-club.org.uk/trans/full_text/iv14/v14p07.txt]
[www.wot-club.org.uk/trans/full_text/iv14/v14p08.txt]
[www.wot-club.org.uk/trans/full_text/iv14/v14p09.txt]
[www.wot-club.org.uk/trans/full_text/iv14/v14p10.txt]
[www.wot-club.org.uk/trans/full_text/iv15/index79c2.html]
[www.wot-club.org.uk/trans/full_text/iv15/v15p01.txt]
[www.wot-club.org.uk/trans/full_text/iv15/indexcaa7.html]
[www.wot-club.org.uk/trans/full_text/iv15/v15p02.txt]
[www.wot-club.org.uk/trans/full_text/iv15/v15p03.txt]
[www.wot-club.org.uk/trans/full_text/iv15/v15p04.txt]
[www.wot-club.org.uk/trans/full_text/iv15/index864c.html]
[www.wot-club.org.uk/trans/full_text/iv15/index16c1.html]
[www.wot-club.org.uk/trans/full_text/iv15/v15p05.txt]
[www.wot-club.org.uk/trans/full_text/iv15/v15p06.txt]
[www.wot-club.org.uk/trans/full_text/iv15/v15p07.txt]
[www.wot-club.org.uk/trans/full_text/iv15/v15p08.txt]
[www.wot-club.org.uk/trans/full_text/iv15/v15p09.txt]
[www.wot-club.org.uk/trans/full_text/iv15/v15p10.txt]
[www.wot-club.org.uk/trans/full_text/iv16/v16p01.txt]
[www.wot-club.org.uk/trans/full_text/iv16/v16p02.txt]
[www.wot-club.org.uk/trans/full_text/iv16/index79c2.html]
[www.wot-club.org.uk/trans/full_text/iv16/v16p03.txt]
[www.wot-club.org.uk/trans/full_text/iv16/v16p04.txt]
[www.wot-club.org.uk/trans/full_text/iv16/indexcaa7.html]
[www.wot-club.org.uk/trans/full_text/iv16/index864c.html]
[www.wot-club.org.uk/trans/full_text/iv16/v16p05.txt]
[www.wot-club.org.uk/trans/full_text/iv16/v16p06.txt]
[www.wot-club.org.uk/trans/full_text/iv16/index16c1.html]
[www.wot-club.org.uk/trans/full_text/iv16/v16p07.txt]
[www.wot-club.org.uk/trans/full_text/iv16/v16p04.txt]
[www.wot-club.org.uk/trans/full_text/iv16/v16p09.txt]
[www.wot-club.org.uk/trans/full_text/iv16/v16p08.txt]
[www.wot-club.org.uk/trans/full_text/iv16/v16p10.txt]
[www.wot-club.org.uk/trans/full_text/iv17/index79c2.html]
[www.wot-club.org.uk/trans/full_text/iv17/v17p01.txt]
[www.wot-club.org.uk/trans/full_text/iv17/indexcaa7.html]
[www.wot-club.org.uk/trans/full_text/iv17/index864c.html]
[www.wot-club.org.uk/trans/full_text/iv17/v17p02.txt]
[www.wot-club.org.uk/trans/full_text/iv17/v17p03.txt]
[www.wot-club.org.uk/trans/full_text/iv17/v17p04.txt]
[www.wot-club.org.uk/trans/full_text/iv17/index16c1.html]
[www.wot-club.org.uk/trans/full_text/iv17/v17p05.txt]
[www.wot-club.org.uk/trans/full_text/iv17/v17p06.txt]
[www.wot-club.org.uk/trans/full_text/iv17/v17p07.txt]
[www.wot-club.org.uk/trans/full_text/iv17/v17p07_ad.txt]
[www.wot-club.org.uk/trans/full_text/iv17/v17p08.txt]
[www.wot-club.org.uk/trans/full_text/iv17/v17p09.txt]
[www.wot-club.org.uk/trans/full_text/iv17/v17p10.txt]
[www.wot-club.org.uk/trans/full_text/iv18/index79c2.html]
[www.wot-club.org.uk/trans/full_text/iv18/v18p01.txt]
[www.wot-club.org.uk/trans/full_text/iv18/indexcaa7.html]
[www.wot-club.org.uk/trans/full_text/iv18/v18p01_ex.txt]
[www.wot-club.org.uk/trans/full_text/iv18/index864c.html]
[www.wot-club.org.uk/trans/full_text/iv18/v18p02.txt]
[www.wot-club.org.uk/trans/full_text/iv18/index16c1.html]
[www.wot-club.org.uk/trans/full_text/iv18/v18p04.txt]
[www.wot-club.org.uk/trans/full_text/iv18/v18p03.txt]
[www.wot-club.org.uk/trans/full_text/iv18/v18p05.txt]
[www.wot-club.org.uk/trans/full_text/iv18/v18p06.txt]
[www.wot-club.org.uk/trans/full_text/iv18/v18p07.txt]
[www.wot-club.org.uk/trans/full_text/iv18/v18p07_int.txt]
[www.wot-club.org.uk/trans/full_text/iv18/v18p08.txt]
[www.wot-club.org.uk/trans/full_text/iv18/v18p09.txt]
[www.wot-club.org.uk/trans/full_text/iv18/v18p10.txt]
[www.wot-club.org.uk/trans/full_text/iv18/v18p10_ad.txt]
[www.wot-club.org.uk/trans/full_text/iv19/index79c2.html]
[www.wot-club.org.uk/trans/full_text/iv19/v19p01.txt]
[www.wot-club.org.uk/trans/full_text/iv19/indexcaa7.html]
[www.wot-club.org.uk/trans/full_text/iv19/v19p02.txt]
[www.wot-club.org.uk/trans/full_text/iv19/index864c.html]
[www.wot-club.org.uk/trans/full_text/iv19/v19p03.txt]
[www.wot-club.org.uk/trans/full_text/iv19/v19p03_tv.txt]
[www.wot-club.org.uk/trans/full_text/iv19/index16c1.html]
[www.wot-club.org.uk/trans/full_text/iv19/v19p04.txt]
[www.wot-club.org.uk/trans/full_text/iv19/v19p06.txt]
[www.wot-club.org.uk/trans/full_text/iv19/v19p05.txt]
[www.wot-club.org.uk/trans/full_text/iv19/v19p07.txt]
[www.wot-club.org.uk/trans/full_text/iv19/v19p08.txt]
[www.wot-club.org.uk/trans/full_text/iv19/v19p09.txt]
[www.wot-club.org.uk/trans/full_text/iv19/v19p10.txt]
[www.wot-club.org.uk/trans/full_text/iv20/index79c2.html]
[www.wot-club.org.uk/trans/full_text/iv20/v20p01.txt]
[www.wot-club.org.uk/trans/full_text/iv20/v20p02.txt]
[www.wot-club.org.uk/trans/full_text/iv20/v20p03.txt]
[www.wot-club.org.uk/trans/full_text/iv20/indexcaa7.html]
[www.wot-club.org.uk/trans/full_text/iv20/index864c.html]
[www.wot-club.org.uk/trans/full_text/iv20/v20p04.txt]
[www.wot-club.org.uk/trans/full_text/iv20/index16c1.html]
[www.wot-club.org.uk/trans/full_text/iv20/v20p05.txt]
[www.wot-club.org.uk/trans/full_text/iv20/v20p06.txt]
[www.wot-club.org.uk/trans/full_text/iv20/v20p07.txt]
[www.wot-club.org.uk/trans/full_text/iv20/v20p08.txt]
[www.wot-club.org.uk/trans/full_text/iv20/v20p09.txt]
[www.wot-club.org.uk/trans/full_text/iv20/v20p10.txt]
[www.wot-club.org.uk/trans/full_text/iv21/index79c2.html]
[www.wot-club.org.uk/trans/full_text/iv21/v21p01.txt]
[www.wot-club.org.uk/trans/full_text/iv21/v21p02.txt]
[www.wot-club.org.uk/trans/full_text/iv21/v21p03.txt]
[www.wot-club.org.uk/trans/full_text/iv21/indexcaa7.html]
[www.wot-club.org.uk/trans/full_text/iv21/v21p04.txt]
[www.wot-club.org.uk/trans/full_text/iv21/index864c.html]
[www.wot-club.org.uk/trans/full_text/iv21/v21p05.txt]
[www.wot-club.org.uk/trans/full_text/iv21/index16c1.html]
[www.wot-club.org.uk/trans/full_text/iv21/v21p06.txt]
[www.wot-club.org.uk/trans/full_text/iv21/v21p07.txt]
[www.wot-club.org.uk/trans/full_text/iv21/v21p08.txt]
[www.wot-club.org.uk/trans/full_text/iv21/v21p09.txt]
[www.wot-club.org.uk/trans/full_text/iv21/v21p10.txt]
[www.wot-club.org.uk/trans/full_text/iv22/index79c2.html]
[www.wot-club.org.uk/trans/full_text/iv22/v22p01.txt]
[www.wot-club.org.uk/trans/full_text/iv22/v22p02.txt]
[www.wot-club.org.uk/trans/full_text/iv22/indexcaa7.html]
[www.wot-club.org.uk/trans/full_text/iv22/index864c.html]
[www.wot-club.org.uk/trans/full_text/iv22/v22p04.txt]
[www.wot-club.org.uk/trans/full_text/iv22/v22p03.txt]
[www.wot-club.org.uk/trans/full_text/iv22/v22p05.txt]
[www.wot-club.org.uk/trans/full_text/iv22/index16c1.html]
[www.wot-club.org.uk/trans/full_text/iv22/v22p06.txt]
[www.wot-club.org.uk/trans/full_text/iv22/v22p07.txt]
[www.wot-club.org.uk/trans/full_text/iv22/v22p08.txt]
[www.wot-club.org.uk/trans/full_text/iv22/v22p09.txt]
[www.wot-club.org.uk/trans/full_text/iv22/v22p10.txt]
[www.wot-club.org.uk/trans/full_text/iv23/v23p01.txt]
[www.wot-club.org.uk/trans/full_text/iv23/index79c2.html]
[www.wot-club.org.uk/trans/full_text/iv23/v23p02.txt]
[www.wot-club.org.uk/trans/full_text/iv23/v23p03.txt]
[www.wot-club.org.uk/trans/full_text/iv23/v23p04.txt]
[www.wot-club.org.uk/trans/full_text/iv23/indexcaa7.html]
[www.wot-club.org.uk/trans/full_text/iv23/index864c.html]
[www.wot-club.org.uk/trans/full_text/iv23/index16c1.html]
[www.wot-club.org.uk/trans/full_text/iv23/v23p05.txt]
[www.wot-club.org.uk/trans/full_text/iv23/v23p06.txt]
[www.wot-club.org.uk/trans/full_text/iv23/v23p07.txt]
[www.wot-club.org.uk/trans/full_text/iv23/v23p08.txt]
[www.wot-club.org.uk/trans/full_text/iv23/v23p09.txt]
[www.wot-club.org.uk/trans/full_text/iv23/v23p10.txt]
[www.wot-club.org.uk/trans/full_text/iv24/index79c2.html]
[www.wot-club.org.uk/trans/full_text/iv24/indexcaa7.html]
[www.wot-club.org.uk/trans/full_text/iv24/v24p01.txt]
[www.wot-club.org.uk/trans/full_text/iv24/v24p02.txt]
[www.wot-club.org.uk/trans/full_text/iv24/index864c.html]
[www.wot-club.org.uk/trans/full_text/iv24/v24p03.txt]
[www.wot-club.org.uk/trans/full_text/iv24/v24p04.txt]
[www.wot-club.org.uk/trans/full_text/iv24/index16c1.html]
[www.wot-club.org.uk/trans/full_text/iv24/v24p05.txt]
[www.wot-club.org.uk/trans/full_text/iv24/v24p06.txt]
[www.wot-club.org.uk/trans/full_text/iv24/v24p07.txt]
[www.wot-club.org.uk/trans/full_text/iv24/v24p08.txt]
[www.wot-club.org.uk/trans/full_text/iv24/v24p09.txt]
[www.wot-club.org.uk/trans/full_text/iv24/v24p10.txt]
[www.wot-club.org.uk/trans/full_text/iv25/v25p01.txt]
[www.wot-club.org.uk/trans/full_text/iv25/index79c2.html]
[www.wot-club.org.uk/trans/full_text/iv25/indexcaa7.html]
[www.wot-club.org.uk/trans/full_text/iv25/v25p02.txt]
[www.wot-club.org.uk/trans/full_text/iv25/v25p03.txt]
[www.wot-club.org.uk/trans/full_text/iv25/v25p04.txt]
[www.wot-club.org.uk/trans/full_text/iv25/index864c.html]
[www.wot-club.org.uk/trans/full_text/iv25/v25p05.txt]
[www.wot-club.org.uk/trans/full_text/iv25/index16c1.html]
[www.wot-club.org.uk/trans/full_text/iv25/v25p07.txt]
[www.wot-club.org.uk/trans/full_text/iv25/v25p06.txt]
[www.wot-club.org.uk/trans/full_text/iv25/v25p04.txt]
[www.wot-club.org.uk/trans/full_text/iv25/v25p08.txt]
[www.wot-club.org.uk/trans/full_text/iv25/v25p09.txt]
[www.wot-club.org.uk/trans/full_text/iv25/v25p10.txt]
[www.wot-club.org.uk/trans/full_text/iv26/index79c2.html]
[www.wot-club.org.uk/trans/full_text/iv26/v26p01.txt]
[www.wot-club.org.uk/trans/full_text/iv26/v26p02.txt]
[www.wot-club.org.uk/trans/full_text/iv26/indexcaa7.html]
[www.wot-club.org.uk/trans/full_text/iv26/v26p03.txt]
[www.wot-club.org.uk/trans/full_text/iv26/v26p04.txt]
[www.wot-club.org.uk/trans/full_text/iv26/index864c.html]
[www.wot-club.org.uk/trans/full_text/iv26/index16c1.html]
[www.wot-club.org.uk/trans/full_text/iv26/v26p05.txt]
[www.wot-club.org.uk/trans/full_text/iv26/v26p06.txt]
[www.wot-club.org.uk/trans/full_text/iv26/v26p07.txt]
[www.wot-club.org.uk/trans/full_text/iv26/v26p08.txt]
[www.wot-club.org.uk/trans/full_text/iv26/v26p09.txt]
[www.wot-club.org.uk/trans/full_text/iv26/v26p10.txt]
[www.wot-club.org.uk/trans/full_text/iv27/index79c2.html]
[www.wot-club.org.uk/trans/full_text/iv27/indexcaa7.html]
[www.wot-club.org.uk/trans/full_text/iv27/v27p01.txt]
[www.wot-club.org.uk/trans/full_text/iv27/v27p02.txt]
[www.wot-club.org.uk/trans/full_text/iv27/v27p03.txt]
[www.wot-club.org.uk/trans/full_text/iv27/v27p04.txt]
[www.wot-club.org.uk/trans/full_text/iv27/index864c.html]
[www.wot-club.org.uk/trans/full_text/iv27/index16c1.html]
[www.wot-club.org.uk/trans/full_text/iv27/v27p05.txt]
[www.wot-club.org.uk/trans/full_text/iv27/v27p06.txt]
[www.wot-club.org.uk/trans/full_text/iv27/v27p07.txt]
[www.wot-club.org.uk/trans/full_text/iv27/v27p07_poll.txt]
[www.wot-club.org.uk/trans/full_text/iv27/v27p08.txt]
[www.wot-club.org.uk/trans/full_text/iv27/v27p09.txt]
[www.wot-club.org.uk/trans/full_text/iv27/v27p10.txt]
[www.wot-club.org.uk/trans/full_text/iv28/v28p01.txt]
[www.wot-club.org.uk/trans/full_text/iv28/v28p02.txt]
[www.wot-club.org.uk/trans/full_text/iv28/v28p03.txt]
[www.wot-club.org.uk/trans/full_text/iv28/index79c2.html]
[www.wot-club.org.uk/trans/full_text/iv28/v28p04.txt]
[www.wot-club.org.uk/trans/full_text/iv28/indexcaa7.html]
[www.wot-club.org.uk/trans/full_text/iv28/index864c.html]
[www.wot-club.org.uk/trans/full_text/iv28/v28p05.txt]
[www.wot-club.org.uk/trans/full_text/iv28/index16c1.html]
[www.wot-club.org.uk/trans/full_text/iv28/v28p06.txt]
[www.wot-club.org.uk/trans/full_text/iv28/v28p07.txt]
[www.wot-club.org.uk/trans/full_text/iv28/v28p08.txt]
[www.wot-club.org.uk/trans/full_text/iv28/v28p09.txt]
[www.wot-club.org.uk/trans/full_text/iv28/v28p10.txt]
[www.wot-club.org.uk/trans/full_text/iv29/index79c2.html]
[www.wot-club.org.uk/trans/full_text/iv29/v29p02.txt]
[www.wot-club.org.uk/trans/full_text/iv29/v29p01.txt]
[www.wot-club.org.uk/trans/full_text/iv29/indexcaa7.html]
[www.wot-club.org.uk/trans/full_text/iv29/index864c.html]
[www.wot-club.org.uk/trans/full_text/iv29/index16c1.html]
[www.wot-club.org.uk/trans/full_text/iv29/v29p03.txt]
[www.wot-club.org.uk/trans/full_text/iv29/v29p04.txt]
[www.wot-club.org.uk/trans/full_text/iv29/v29p05.txt]
[www.wot-club.org.uk/trans/full_text/iv29/v29p06.txt]
[www.wot-club.org.uk/trans/full_text/iv29/v29p07.txt]
[www.wot-club.org.uk/trans/full_text/iv29/v29p08.txt]
[www.wot-club.org.uk/trans/full_text/iv29/v29p09.txt]
[www.wot-club.org.uk/trans/full_text/iv29/v29p10.txt]
[www.wot-club.org.uk/trans/full_text/iv30/index79c2.html]
[www.wot-club.org.uk/trans/full_text/iv30/indexcaa7.html]
[www.wot-club.org.uk/trans/full_text/iv30/v30p01.txt]
[www.wot-club.org.uk/trans/full_text/iv30/index864c.html]
[www.wot-club.org.uk/trans/full_text/iv30/v30p02.txt]
[www.wot-club.org.uk/trans/full_text/iv30/index16c1.html]
[www.wot-club.org.uk/trans/full_text/iv30/v30p03.txt]
[www.wot-club.org.uk/trans/full_text/iv30/v30p04.txt]
[www.wot-club.org.uk/trans/full_text/iv30/v30p05.txt]
[www.wot-club.org.uk/trans/full_text/iv30/v30p06.txt]
[www.wot-club.org.uk/trans/full_text/iv30/v30p07.txt]
[www.wot-club.org.uk/trans/full_text/iv30/v30p08.txt]
[www.wot-club.org.uk/trans/full_text/iv30/v30p09.txt]
[www.wot-club.org.uk/trans/full_text/iv30/v30p10.txt]
[www.wot-club.org.uk/trans/full_text/iv31/index79c2.html]
[www.wot-club.org.uk/trans/full_text/iv31/indexcaa7.html]
[www.wot-club.org.uk/trans/full_text/iv31/index864c.html]
[www.wot-club.org.uk/trans/full_text/iv31/v31p01.txt]
[www.wot-club.org.uk/trans/full_text/iv31/index16c1.html]
[www.wot-club.org.uk/trans/full_text/iv31/v31p02.txt]
[www.wot-club.org.uk/trans/full_text/iv31/v31p03.txt]
[www.wot-club.org.uk/trans/full_text/iv31/v31p04.txt]
[www.wot-club.org.uk/trans/full_text/iv31/v31p06.txt]
[www.wot-club.org.uk/trans/full_text/iv31/v31p05.txt]
[www.wot-club.org.uk/trans/full_text/iv31/v31p07.txt]
[www.wot-club.org.uk/trans/full_text/iv31/v31p08.txt]
[www.wot-club.org.uk/trans/full_text/iv31/v31p09.txt]
[www.wot-club.org.uk/trans/full_text/iv31/v31p10.txt]
[www.wot-club.org.uk/trans/full_text/iv32/index79c2.html]
[www.wot-club.org.uk/trans/full_text/iv32/v32p01.txt]
[www.wot-club.org.uk/trans/full_text/iv32/indexcaa7.html]
[www.wot-club.org.uk/trans/full_text/iv32/v32p02.txt]
[www.wot-club.org.uk/trans/full_text/iv32/v32p03.txt]
[www.wot-club.org.uk/trans/full_text/iv32/v32p04.txt]
[www.wot-club.org.uk/trans/full_text/iv32/index864c.html]
[www.wot-club.org.uk/trans/full_text/iv32/v32p05.txt]
[www.wot-club.org.uk/trans/full_text/iv32/index16c1.html]
[www.wot-club.org.uk/trans/full_text/iv32/v32p06.txt]
[www.wot-club.org.uk/trans/full_text/iv32/v32p02.txt]
[www.wot-club.org.uk/trans/full_text/iv32/v32p07.txt]
[www.wot-club.org.uk/trans/full_text/iv32/v32p08.txt]
[www.wot-club.org.uk/trans/full_text/iv32/v32p09.txt]
[www.wot-club.org.uk/trans/full_text/iv32/v32p10.txt]
[www.wot-club.org.uk/trans/full_text/iv33/v33p01.txt]
[www.wot-club.org.uk/trans/full_text/iv33/index79c2.html]
[www.wot-club.org.uk/trans/full_text/iv33/v33p02.txt]
[www.wot-club.org.uk/trans/full_text/iv33/v33p03.txt]
[www.wot-club.org.uk/trans/full_text/iv33/v33p04.txt]
[www.wot-club.org.uk/trans/full_text/iv33/indexcaa7.html]
[www.wot-club.org.uk/trans/full_text/iv33/index864c.html]
[www.wot-club.org.uk/trans/full_text/iv33/v33p05.txt]
[www.wot-club.org.uk/trans/full_text/iv33/index16c1.html]
[www.wot-club.org.uk/trans/full_text/iv33/v33p06.txt]
[www.wot-club.org.uk/trans/full_text/iv33/v33p07.txt]
[www.wot-club.org.uk/trans/full_text/iv33/v33p08.txt]
[www.wot-club.org.uk/trans/full_text/iv33/v33p09.txt]
[www.wot-club.org.uk/trans/full_text/iv33/v33p10.txt]
[www.wot-club.org.uk/trans/full_text/iv34/index79c2.html]
[www.wot-club.org.uk/trans/full_text/iv34/v34p01.txt]
[www.wot-club.org.uk/trans/full_text/iv34/indexcaa7.html]
[www.wot-club.org.uk/trans/full_text/iv34/v34p02.txt]
[www.wot-club.org.uk/trans/full_text/iv34/index864c.html]
[www.wot-club.org.uk/trans/full_text/iv34/v34p03.txt]
[www.wot-club.org.uk/trans/full_text/iv34/index16c1.html]
[www.wot-club.org.uk/trans/full_text/iv34/v34p04.txt]
[www.wot-club.org.uk/trans/full_text/iv34/v34p01.txt]
[www.wot-club.org.uk/trans/full_text/iv34/v34p05.txt]
[www.wot-club.org.uk/trans/full_text/iv34/v34p06.txt]
[www.wot-club.org.uk/trans/full_text/iv34/v34p07.txt]
[www.wot-club.org.uk/trans/full_text/iv34/v34p08.txt]
[www.wot-club.org.uk/trans/full_text/iv34/v34p09.txt]
[www.wot-club.org.uk/trans/full_text/iv34/v34p10.txt]
[www.wot-club.org.uk/trans/full_text/iv35/v35p01.txt]
[www.wot-club.org.uk/trans/full_text/iv35/index79c2.html]
[www.wot-club.org.uk/trans/full_text/iv35/v35p02.txt]
[www.wot-club.org.uk/trans/full_text/iv35/v35p03.txt]
[www.wot-club.org.uk/trans/full_text/iv35/v35p04.txt]
[www.wot-club.org.uk/trans/full_text/iv35/indexcaa7.html]
[www.wot-club.org.uk/trans/full_text/iv35/v35p05.txt]
[www.wot-club.org.uk/trans/full_text/iv35/index864c.html]
[www.wot-club.org.uk/trans/full_text/iv35/index16c1.html]
[www.wot-club.org.uk/trans/full_text/iv35/v35p06.txt]
[www.wot-club.org.uk/trans/full_text/iv35/v35p07.txt]
[www.wot-club.org.uk/trans/full_text/iv35/v35p08.txt]
[www.wot-club.org.uk/trans/full_text/iv35/v35p09.txt]
[www.wot-club.org.uk/trans/full_text/iv35/v35p10.txt]
[www.wot-club.org.uk/trans/full_text/iv36/v36p01.txt]
[www.wot-club.org.uk/trans/full_text/iv36/index79c2.html]
[www.wot-club.org.uk/trans/full_text/iv36/v36p04.txt]
[www.wot-club.org.uk/trans/full_text/iv36/v36p03.txt]
[www.wot-club.org.uk/trans/full_text/iv36/v36p02.txt]
[www.wot-club.org.uk/trans/full_text/iv36/indexcaa7.html]
[www.wot-club.org.uk/trans/full_text/iv36/index864c.html]
[www.wot-club.org.uk/trans/full_text/iv36/v36p05.txt]
[www.wot-club.org.uk/trans/full_text/iv36/index16c1.html]
[www.wot-club.org.uk/trans/full_text/iv36/v36p06.txt]
[www.wot-club.org.uk/trans/full_text/iv36/v36p07.txt]
[www.wot-club.org.uk/trans/full_text/iv36/v36p08.txt]
[www.wot-club.org.uk/trans/full_text/iv36/v36p09.txt]
[www.wot-club.org.uk/trans/full_text/iv36/v36p10.txt]
[www.wot-club.org.uk/trans/full_text/iv37/v37p01.txt]
[www.wot-club.org.uk/trans/full_text/iv37/v37p02.txt]
[www.wot-club.org.uk/trans/full_text/iv37/index79c2.html]
[www.wot-club.org.uk/trans/full_text/iv37/v37p03.txt]
[www.wot-club.org.uk/trans/full_text/iv37/indexcaa7.html]
[www.wot-club.org.uk/trans/full_text/iv37/v37p04.txt]
[www.wot-club.org.uk/trans/full_text/iv37/index864c.html]
[www.wot-club.org.uk/trans/full_text/iv37/index16c1.html]
[www.wot-club.org.uk/trans/full_text/iv37/v37p05.txt]
[www.wot-club.org.uk/trans/full_text/iv37/v37p06.txt]
[www.wot-club.org.uk/trans/full_text/iv37/v37p07.txt]
[www.wot-club.org.uk/trans/full_text/iv37/v37p08.txt]
[www.wot-club.org.uk/trans/full_text/iv37/v37p09.txt]
[www.wot-club.org.uk/trans/full_text/iv37/v37p10.txt]
[www.wot-club.org.uk/trans/full_text/iv38/index79c2.html]
[www.wot-club.org.uk/trans/full_text/iv38/v38p02.txt]
[www.wot-club.org.uk/trans/full_text/iv38/v38p01.txt]
[www.wot-club.org.uk/trans/full_text/iv38/indexcaa7.html]
[www.wot-club.org.uk/trans/full_text/iv38/index864c.html]
[www.wot-club.org.uk/trans/full_text/iv38/index16c1.html]
[www.wot-club.org.uk/trans/full_text/iv38/v38p03.txt]
[www.wot-club.org.uk/trans/full_text/iv38/v38p04.txt]
[www.wot-club.org.uk/trans/full_text/iv38/v38p05.txt]
[www.wot-club.org.uk/trans/full_text/iv38/v38p06.txt]
[www.wot-club.org.uk/trans/full_text/iv38/v38p07.txt]
[www.wot-club.org.uk/trans/full_text/iv38/v38p08.txt]
[www.wot-club.org.uk/trans/full_text/iv38/v38p09.txt]
[www.wot-club.org.uk/trans/full_text/iv38/v38p10.txt]
[www.wot-club.org.uk/trans/full_text/iv39/index79c2.html]
[www.wot-club.org.uk/trans/full_text/iv39/indexcaa7.html]
[www.wot-club.org.uk/trans/full_text/iv39/v39p01.txt]
[www.wot-club.org.uk/trans/full_text/iv39/index864c.html]
[www.wot-club.org.uk/trans/full_text/iv39/v39p02.txt]
[www.wot-club.org.uk/trans/full_text/iv39/v39p03.txt]
[www.wot-club.org.uk/trans/full_text/iv39/index16c1.html]
[www.wot-club.org.uk/trans/full_text/iv39/v39p05.txt]
[www.wot-club.org.uk/trans/full_text/iv39/v39p04.txt]
[www.wot-club.org.uk/trans/full_text/iv39/v39p06.txt]
[www.wot-club.org.uk/trans/full_text/iv39/v39p07.txt]
[www.wot-club.org.uk/trans/full_text/iv39/v39p08.txt]
[www.wot-club.org.uk/trans/full_text/iv39/v39p09.txt]
[www.wot-club.org.uk/trans/full_text/iv39/v39p10.txt]
[www.wot-club.org.uk/trans/full_text/iv40/index79c2.html]
[www.wot-club.org.uk/trans/full_text/iv40/v40p01.txt]
[www.wot-club.org.uk/trans/full_text/iv40/indexcaa7.html]
[www.wot-club.org.uk/trans/full_text/iv40/v40p02.txt]
[www.wot-club.org.uk/trans/full_text/iv40/v40p03.txt]
[www.wot-club.org.uk/trans/full_text/iv40/v40p04.txt]
[www.wot-club.org.uk/trans/full_text/iv40/index864c.html]
[www.wot-club.org.uk/trans/full_text/iv40/v40p05.txt]
[www.wot-club.org.uk/trans/full_text/iv40/index16c1.html]
[www.wot-club.org.uk/trans/full_text/iv40/v40p06.txt]
[www.wot-club.org.uk/trans/full_text/iv40/v40p01.txt]
[www.wot-club.org.uk/trans/full_text/iv40/v40p07.txt]
[www.wot-club.org.uk/trans/full_text/iv40/v40p08.txt]
[www.wot-club.org.uk/trans/full_text/iv40/v40p09.txt]
[www.wot-club.org.uk/trans/full_text/iv40/v40p10.txt]
[www.wot-club.org.uk/trans/full_text/iv41/v41p01.txt]
[www.wot-club.org.uk/trans/full_text/iv41/v41p02.txt]
[www.wot-club.org.uk/trans/full_text/iv41/index79c2.html]
[www.wot-club.org.uk/trans/full_text/iv41/v41p03.txt]
[www.wot-club.org.uk/trans/full_text/iv41/v41p04.txt]
[www.wot-club.org.uk/trans/full_text/iv41/indexcaa7.html]
[www.wot-club.org.uk/trans/full_text/iv41/v41p05.txt]
[www.wot-club.org.uk/trans/full_text/iv41/index864c.html]
[www.wot-club.org.uk/trans/full_text/iv41/index16c1.html]
[www.wot-club.org.uk/trans/full_text/iv41/v41p06.txt]
[www.wot-club.org.uk/trans/full_text/iv41/v41p07.txt]
[www.wot-club.org.uk/trans/full_text/iv41/v41p08.txt]
[www.wot-club.org.uk/trans/full_text/iv41/v41p09.txt]
[www.wot-club.org.uk/trans/full_text/iv41/v41p10.txt]
[www.wot-club.org.uk/trans/full_text/iv42/v42p01.txt]
[www.wot-club.org.uk/trans/full_text/iv42/index79c2.html]
[www.wot-club.org.uk/trans/full_text/iv42/v42p02.txt]
[www.wot-club.org.uk/trans/full_text/iv42/v42p03.txt]
[www.wot-club.org.uk/trans/full_text/iv42/v42p04.txt]
[www.wot-club.org.uk/trans/full_text/iv42/indexcaa7.html]
[www.wot-club.org.uk/trans/full_text/iv42/index864c.html]
[www.wot-club.org.uk/trans/full_text/iv42/v42p05.txt]
[www.wot-club.org.uk/trans/full_text/iv42/v42p06.txt]
[www.wot-club.org.uk/trans/full_text/iv42/index16c1.html]
[www.wot-club.org.uk/trans/full_text/iv42/v42p07.txt]
[www.wot-club.org.uk/trans/full_text/iv42/v42p08.txt]
[www.wot-club.org.uk/trans/full_text/iv42/v42p10.txt]
[www.wot-club.org.uk/trans/full_text/iv42/v42p09.txt]
[www.wot-club.org.uk/trans/full_text/iv43/index79c2.html]
[www.wot-club.org.uk/trans/full_text/iv43/v43p02.txt]
[www.wot-club.org.uk/trans/full_text/iv43/v43p01.txt]
[www.wot-club.org.uk/trans/full_text/iv43/indexcaa7.html]
[www.wot-club.org.uk/trans/full_text/iv43/index864c.html]
[www.wot-club.org.uk/trans/full_text/iv43/v43p03.txt]
[www.wot-club.org.uk/trans/full_text/iv43/index16c1.html]
[www.wot-club.org.uk/trans/full_text/iv43/v43p04.txt]
[www.wot-club.org.uk/trans/full_text/iv43/v43p05.txt]
[www.wot-club.org.uk/trans/full_text/iv43/v43p01.txt]
[www.wot-club.org.uk/trans/full_text/iv43/v43p06.txt]
[www.wot-club.org.uk/trans/full_text/iv43/v43p07.txt]
[www.wot-club.org.uk/trans/full_text/iv43/v43p08.txt]
[www.wot-club.org.uk/trans/full_text/iv43/v43p09.txt]
[www.wot-club.org.uk/trans/full_text/iv43/v43p10.txt]
[www.wot-club.org.uk/trans/full_text/iv44/index79c2.html]
[www.wot-club.org.uk/trans/full_text/iv44/indexcaa7.html]
[www.wot-club.org.uk/trans/full_text/iv44/v44p01.txt]
[www.wot-club.org.uk/trans/full_text/iv44/v44p02.txt]
[www.wot-club.org.uk/trans/full_text/iv44/index864c.html]
[www.wot-club.org.uk/trans/full_text/iv44/v44p03.txt]
[www.wot-club.org.uk/trans/full_text/iv44/index16c1.html]
[www.wot-club.org.uk/trans/full_text/iv44/v44p04.txt]
[www.wot-club.org.uk/trans/full_text/iv44/v44p05.txt]
[www.wot-club.org.uk/trans/full_text/iv44/v44p06.txt]
[www.wot-club.org.uk/trans/full_text/iv44/v44p07.txt]
[www.wot-club.org.uk/trans/full_text/iv44/v44p08.txt]
[www.wot-club.org.uk/trans/full_text/iv44/v44p09.txt]
[www.wot-club.org.uk/trans/full_text/iv44/v44p10.txt]
[www.wot-club.org.uk/trans/full_text/rv38/index79c2.html]
[www.wot-club.org.uk/trans/full_text/rv38/indexcaa7.html]
[www.wot-club.org.uk/trans/full_text/rv38/index864c.html]
[www.wot-club.org.uk/trans/full_text/rv38/v38p01.txt]
[www.wot-club.org.uk/trans/full_text/rv38/v38p02.txt]
[www.wot-club.org.uk/trans/full_text/rv38/v38p04.txt]
[www.wot-club.org.uk/trans/full_text/rv38/v38p03.txt]
[www.wot-club.org.uk/trans/full_text/rv38/index16c1.html]
[www.wot-club.org.uk/trans/full_text/rv38/v38p05.txt]
[www.wot-club.org.uk/trans/full_text/rv38/v38p06.txt]
[www.wot-club.org.uk/trans/full_text/rv38/v38p07.txt]
[www.wot-club.org.uk/trans/full_text/rv38/v38p08.txt]
[www.wot-club.org.uk/trans/full_text/rv38/v38p09.txt]
[www.wot-club.org.uk/trans/full_text/iv01/index2846.html]
[www.wot-club.org.uk/trans/full_text/iv01/index5272.html]
[www.wot-club.org.uk/trans/full_text/iv01/indexb3a7.html]
[www.wot-club.org.uk/trans/full_text/iv01/index7e6f.html]
[www.wot-club.org.uk/trans/full_text/iv02/index2846.html]
[www.wot-club.org.uk/trans/full_text/iv02/index5272.html]
[www.wot-club.org.uk/trans/full_text/iv02/indexb3a7.html]
[www.wot-club.org.uk/trans/full_text/iv02/index7e6f.html]
[www.wot-club.org.uk/trans/full_text/iv03/index2846.html]
[www.wot-club.org.uk/trans/full_text/iv03/index5272.html]
[www.wot-club.org.uk/trans/full_text/iv03/indexb3a7.html]
[www.wot-club.org.uk/trans/full_text/iv03/index7e6f.html]
[www.wot-club.org.uk/trans/full_text/iv04/index2846.html]
[www.wot-club.org.uk/trans/full_text/iv04/index5272.html]
[www.wot-club.org.uk/trans/full_text/iv04/indexb3a7.html]
[www.wot-club.org.uk/trans/full_text/iv04/index7e6f.html]
[www.wot-club.org.uk/trans/full_text/iv05/index2846.html]
[www.wot-club.org.uk/trans/full_text/iv05/index5272.html]
[www.wot-club.org.uk/trans/full_text/iv05/indexb3a7.html]
[www.wot-club.org.uk/trans/full_text/iv05/index7e6f.html]
[www.wot-club.org.uk/trans/full_text/iv06/index2846.html]
[www.wot-club.org.uk/trans/full_text/iv06/index5272.html]
[www.wot-club.org.uk/trans/full_text/iv06/indexb3a7.html]
[www.wot-club.org.uk/trans/full_text/iv06/index7e6f.html]
[www.wot-club.org.uk/trans/full_text/iv07/index2846.html]
[www.wot-club.org.uk/trans/full_text/iv07/index5272.html]
[www.wot-club.org.uk/trans/full_text/iv07/indexb3a7.html]
[www.wot-club.org.uk/trans/full_text/iv07/index7e6f.html]
[www.wot-club.org.uk/trans/full_text/iv08/index2846.html]
[www.wot-club.org.uk/trans/full_text/iv08/index5272.html]
[www.wot-club.org.uk/trans/full_text/iv08/indexb3a7.html]
[www.wot-club.org.uk/trans/full_text/iv08/index7e6f.html]
[www.wot-club.org.uk/trans/full_text/iv09/index2846.html]
[www.wot-club.org.uk/trans/full_text/iv09/index5272.html]
[www.wot-club.org.uk/trans/full_text/iv09/indexb3a7.html]
[www.wot-club.org.uk/trans/full_text/iv09/index7e6f.html]
[www.wot-club.org.uk/trans/full_text/iv10/index2846.html]
[www.wot-club.org.uk/trans/full_text/iv10/index5272.html]
[www.wot-club.org.uk/trans/full_text/iv10/indexb3a7.html]
[www.wot-club.org.uk/trans/full_text/iv10/index7e6f.html]
[www.wot-club.org.uk/trans/full_text/iv11/index2846.html]
[www.wot-club.org.uk/trans/full_text/iv11/index5272.html]
[www.wot-club.org.uk/trans/full_text/iv11/indexb3a7.html]
[www.wot-club.org.uk/trans/full_text/iv11/index7e6f.html]
[www.wot-club.org.uk/trans/full_text/iv12/index2846.html]
[www.wot-club.org.uk/trans/full_text/iv12/index5272.html]
[www.wot-club.org.uk/trans/full_text/iv12/indexb3a7.html]
[www.wot-club.org.uk/trans/full_text/iv12/index7e6f.html]
[www.wot-club.org.uk/trans/full_text/iv13/index2846.html]
[www.wot-club.org.uk/trans/full_text/iv13/index5272.html]
[www.wot-club.org.uk/trans/full_text/iv13/indexb3a7.html]
[www.wot-club.org.uk/trans/full_text/iv13/index7e6f.html]
[www.wot-club.org.uk/trans/full_text/iv14/index2846.html]
[www.wot-club.org.uk/trans/full_text/iv14/index5272.html]
[www.wot-club.org.uk/trans/full_text/iv14/indexb3a7.html]
[www.wot-club.org.uk/trans/full_text/iv14/index7e6f.html]
[www.wot-club.org.uk/trans/full_text/iv15/index2846.html]
[www.wot-club.org.uk/trans/full_text/iv15/index5272.html]
[www.wot-club.org.uk/trans/full_text/iv15/indexb3a7.html]
[www.wot-club.org.uk/trans/full_text/iv15/index7e6f.html]
[www.wot-club.org.uk/trans/full_text/iv16/index2846.html]
[www.wot-club.org.uk/trans/full_text/iv16/index5272.html]
[www.wot-club.org.uk/trans/full_text/iv16/indexb3a7.html]
[www.wot-club.org.uk/trans/full_text/iv16/index7e6f.html]
[www.wot-club.org.uk/trans/full_text/iv17/index2846.html]
[www.wot-club.org.uk/trans/full_text/iv17/index5272.html]
[www.wot-club.org.uk/trans/full_text/iv17/indexb3a7.html]
[www.wot-club.org.uk/trans/full_text/iv17/index7e6f.html]
[www.wot-club.org.uk/trans/full_text/iv18/index2846.html]
[www.wot-club.org.uk/trans/full_text/iv18/index5272.html]
[www.wot-club.org.uk/trans/full_text/iv18/indexb3a7.html]
[www.wot-club.org.uk/trans/full_text/iv18/index7e6f.html]
[www.wot-club.org.uk/trans/full_text/iv19/index2846.html]
[www.wot-club.org.uk/trans/full_text/iv19/index5272.html]
[www.wot-club.org.uk/trans/full_text/iv19/indexb3a7.html]
[www.wot-club.org.uk/trans/full_text/iv19/index7e6f.html]
[www.wot-club.org.uk/trans/full_text/iv20/index2846.html]
[www.wot-club.org.uk/trans/full_text/iv20/index5272.html]
[www.wot-club.org.uk/trans/full_text/iv20/indexb3a7.html]
[www.wot-club.org.uk/trans/full_text/iv20/index7e6f.html]
[www.wot-club.org.uk/trans/full_text/iv21/index2846.html]
[www.wot-club.org.uk/trans/full_text/iv21/index5272.html]
[www.wot-club.org.uk/trans/full_text/iv21/indexb3a7.html]
[www.wot-club.org.uk/trans/full_text/iv21/index7e6f.html]
[www.wot-club.org.uk/trans/full_text/iv22/index2846.html]
[www.wot-club.org.uk/trans/full_text/iv22/index5272.html]
[www.wot-club.org.uk/trans/full_text/iv22/indexb3a7.html]
[www.wot-club.org.uk/trans/full_text/iv22/index7e6f.html]
[www.wot-club.org.uk/trans/full_text/iv23/index2846.html]
[www.wot-club.org.uk/trans/full_text/iv23/index5272.html]
[www.wot-club.org.uk/trans/full_text/iv23/indexb3a7.html]
[www.wot-club.org.uk/trans/full_text/iv23/index7e6f.html]
[www.wot-club.org.uk/trans/full_text/iv24/index2846.html]
[www.wot-club.org.uk/trans/full_text/iv24/index5272.html]
[www.wot-club.org.uk/trans/full_text/iv24/indexb3a7.html]
[www.wot-club.org.uk/trans/full_text/iv24/index7e6f.html]
[www.wot-club.org.uk/trans/full_text/iv25/index2846.html]
[www.wot-club.org.uk/trans/full_text/iv25/index5272.html]
[www.wot-club.org.uk/trans/full_text/iv25/indexb3a7.html]
[www.wot-club.org.uk/trans/full_text/iv25/index7e6f.html]
[www.wot-club.org.uk/trans/full_text/iv26/index2846.html]
[www.wot-club.org.uk/trans/full_text/iv26/index5272.html]
[www.wot-club.org.uk/trans/full_text/iv26/indexb3a7.html]
[www.wot-club.org.uk/trans/full_text/iv26/index7e6f.html]
[www.wot-club.org.uk/trans/full_text/iv27/index2846.html]
[www.wot-club.org.uk/trans/full_text/iv27/index5272.html]
[www.wot-club.org.uk/trans/full_text/iv27/indexb3a7.html]
[www.wot-club.org.uk/trans/full_text/iv27/index7e6f.html]
[www.wot-club.org.uk/trans/full_text/iv28/index2846.html]
[www.wot-club.org.uk/trans/full_text/iv28/index5272.html]
[www.wot-club.org.uk/trans/full_text/iv28/indexb3a7.html]
[www.wot-club.org.uk/trans/full_text/iv28/index7e6f.html]
[www.wot-club.org.uk/trans/full_text/iv29/index2846.html]
[www.wot-club.org.uk/trans/full_text/iv29/index5272.html]
[www.wot-club.org.uk/trans/full_text/iv29/indexb3a7.html]
[www.wot-club.org.uk/trans/full_text/iv29/index7e6f.html]
[www.wot-club.org.uk/trans/full_text/iv30/index2846.html]
[www.wot-club.org.uk/trans/full_text/iv30/index5272.html]
[www.wot-club.org.uk/trans/full_text/iv30/indexb3a7.html]
[www.wot-club.org.uk/trans/full_text/iv30/index7e6f.html]
[www.wot-club.org.uk/trans/full_text/iv31/index2846.html]
[www.wot-club.org.uk/trans/full_text/iv31/index5272.html]
[www.wot-club.org.uk/trans/full_text/iv31/indexb3a7.html]
[www.wot-club.org.uk/trans/full_text/iv31/index7e6f.html]
[www.wot-club.org.uk/trans/full_text/iv32/index2846.html]
[www.wot-club.org.uk/trans/full_text/iv32/index5272.html]
[www.wot-club.org.uk/trans/full_text/iv32/indexb3a7.html]
[www.wot-club.org.uk/trans/full_text/iv32/index7e6f.html]
[www.wot-club.org.uk/trans/full_text/iv33/index2846.html]
[www.wot-club.org.uk/trans/full_text/iv33/index5272.html]
[www.wot-club.org.uk/trans/full_text/iv33/indexb3a7.html]
[www.wot-club.org.uk/trans/full_text/iv33/index7e6f.html]
[www.wot-club.org.uk/trans/full_text/iv34/index2846.html]
[www.wot-club.org.uk/trans/full_text/iv34/index5272.html]
[www.wot-club.org.uk/trans/full_text/iv34/indexb3a7.html]
[www.wot-club.org.uk/trans/full_text/iv34/index7e6f.html]
[www.wot-club.org.uk/trans/full_text/iv35/index2846.html]
[www.wot-club.org.uk/trans/full_text/iv35/index5272.html]
[www.wot-club.org.uk/trans/full_text/iv35/indexb3a7.html]
[www.wot-club.org.uk/trans/full_text/iv35/index7e6f.html]
[www.wot-club.org.uk/trans/full_text/iv36/index2846.html]
[www.wot-club.org.uk/trans/full_text/iv36/index5272.html]
[www.wot-club.org.uk/trans/full_text/iv36/indexb3a7.html]
[www.wot-club.org.uk/trans/full_text/iv36/index7e6f.html]
[www.wot-club.org.uk/trans/full_text/iv37/index2846.html]
[www.wot-club.org.uk/trans/full_text/iv37/index5272.html]
[www.wot-club.org.uk/trans/full_text/iv37/indexb3a7.html]
[www.wot-club.org.uk/trans/full_text/iv37/index7e6f.html]
[www.wot-club.org.uk/trans/full_text/iv38/index2846.html]
[www.wot-club.org.uk/trans/full_text/iv38/index5272.html]
[www.wot-club.org.uk/trans/full_text/iv38/indexb3a7.html]
[www.wot-club.org.uk/trans/full_text/iv38/index7e6f.html]
[www.wot-club.org.uk/trans/full_text/iv39/index2846.html]
[www.wot-club.org.uk/trans/full_text/iv39/index5272.html]
[www.wot-club.org.uk/trans/full_text/iv39/indexb3a7.html]
[www.wot-club.org.uk/trans/full_text/iv39/index7e6f.html]
[www.wot-club.org.uk/trans/full_text/iv40/index2846.html]
[www.wot-club.org.uk/trans/full_text/iv40/index5272.html]
[www.wot-club.org.uk/trans/full_text/iv40/indexb3a7.html]
[www.wot-club.org.uk/trans/full_text/iv40/index7e6f.html]
[www.wot-club.org.uk/trans/full_text/iv41/index2846.html]
[www.wot-club.org.uk/trans/full_text/iv41/index5272.html]
[www.wot-club.org.uk/trans/full_text/iv41/indexb3a7.html]
[www.wot-club.org.uk/trans/full_text/iv41/index7e6f.html]
[www.wot-club.org.uk/trans/full_text/iv42/index2846.html]
[www.wot-club.org.uk/trans/full_text/iv42/index5272.html]
[www.wot-club.org.uk/trans/full_text/iv42/indexb3a7.html]
[www.wot-club.org.uk/trans/full_text/iv42/index7e6f.html]
[www.wot-club.org.uk/trans/full_text/iv43/index2846.html]
[www.wot-club.org.uk/trans/full_text/iv43/index5272.html]
[www.wot-club.org.uk/trans/full_text/iv43/indexb3a7.html]
[www.wot-club.org.uk/trans/full_text/iv43/index7e6f.html]
[www.wot-club.org.uk/trans/full_text/iv44/index2846.html]
[www.wot-club.org.uk/trans/full_text/iv44/index5272.html]
[www.wot-club.org.uk/trans/full_text/iv44/indexb3a7.html]
[www.wot-club.org.uk/trans/full_text/iv44/index7e6f.html]
[www.wot-club.org.uk/trans/full_text/rv38/index2846.html]
[www.wot-club.org.uk/trans/full_text/rv38/index5272.html]
[www.wot-club.org.uk/trans/full_text/rv38/indexb3a7.html]
[www.wot-club.org.uk/trans/full_text/rv38/index7e6f.html]
